Archive member included to satisfy reference by file (symbol)

c:/st/stm32cubeide_1.6.0/stm32cubeide/plugins/com.st.stm32cube.ide.mcu.externaltools.gnu-tools-for-stm32.9-2020-q2-update.win32_1.5.0.202011040924/tools/bin/../lib/gcc/arm-none-eabi/9.3.1/../../../../arm-none-eabi/lib/thumb/v7e-m+dp/hard\libstdc++_nano.a(del_op.o)
                              Core/BFFT/testCAN.o (operator delete(void*))
c:/st/stm32cubeide_1.6.0/stm32cubeide/plugins/com.st.stm32cube.ide.mcu.externaltools.gnu-tools-for-stm32.9-2020-q2-update.win32_1.5.0.202011040924/tools/bin/../lib/gcc/arm-none-eabi/9.3.1/../../../../arm-none-eabi/lib/thumb/v7e-m+dp/hard\libstdc++_nano.a(del_ops.o)
                              Core/BFFT/device_layer/inverter/Inverter.o (operator delete(void*, unsigned int))
c:/st/stm32cubeide_1.6.0/stm32cubeide/plugins/com.st.stm32cube.ide.mcu.externaltools.gnu-tools-for-stm32.9-2020-q2-update.win32_1.5.0.202011040924/tools/bin/../lib/gcc/arm-none-eabi/9.3.1/../../../../arm-none-eabi/lib/thumb/v7e-m+dp/hard\libstdc++_nano.a(eh_alloc.o)
                              Core/BFFT/frutil/error.o (__cxa_allocate_exception)
c:/st/stm32cubeide_1.6.0/stm32cubeide/plugins/com.st.stm32cube.ide.mcu.externaltools.gnu-tools-for-stm32.9-2020-q2-update.win32_1.5.0.202011040924/tools/bin/../lib/gcc/arm-none-eabi/9.3.1/../../../../arm-none-eabi/lib/thumb/v7e-m+dp/hard\libstdc++_nano.a(eh_arm.o)
                              Core/BFFT/control_system_layer/double_buffering/test.o (__cxa_end_cleanup)
c:/st/stm32cubeide_1.6.0/stm32cubeide/plugins/com.st.stm32cube.ide.mcu.externaltools.gnu-tools-for-stm32.9-2020-q2-update.win32_1.5.0.202011040924/tools/bin/../lib/gcc/arm-none-eabi/9.3.1/../../../../arm-none-eabi/lib/thumb/v7e-m+dp/hard\libstdc++_nano.a(eh_catch.o)
                              Core/BFFT/testCAN.o (__cxa_begin_catch)
c:/st/stm32cubeide_1.6.0/stm32cubeide/plugins/com.st.stm32cube.ide.mcu.externaltools.gnu-tools-for-stm32.9-2020-q2-update.win32_1.5.0.202011040924/tools/bin/../lib/gcc/arm-none-eabi/9.3.1/../../../../arm-none-eabi/lib/thumb/v7e-m+dp/hard\libstdc++_nano.a(eh_exception.o)
                              c:/st/stm32cubeide_1.6.0/stm32cubeide/plugins/com.st.stm32cube.ide.mcu.externaltools.gnu-tools-for-stm32.9-2020-q2-update.win32_1.5.0.202011040924/tools/bin/../lib/gcc/arm-none-eabi/9.3.1/../../../../arm-none-eabi/lib/thumb/v7e-m+dp/hard\libstdc++_nano.a(eh_arm.o) (typeinfo for __cxxabiv1::__forced_unwind)
c:/st/stm32cubeide_1.6.0/stm32cubeide/plugins/com.st.stm32cube.ide.mcu.externaltools.gnu-tools-for-stm32.9-2020-q2-update.win32_1.5.0.202011040924/tools/bin/../lib/gcc/arm-none-eabi/9.3.1/../../../../arm-none-eabi/lib/thumb/v7e-m+dp/hard\libstdc++_nano.a(eh_globals.o)
                              c:/st/stm32cubeide_1.6.0/stm32cubeide/plugins/com.st.stm32cube.ide.mcu.externaltools.gnu-tools-for-stm32.9-2020-q2-update.win32_1.5.0.202011040924/tools/bin/../lib/gcc/arm-none-eabi/9.3.1/../../../../arm-none-eabi/lib/thumb/v7e-m+dp/hard\libstdc++_nano.a(eh_catch.o) (__cxa_get_globals_fast)
c:/st/stm32cubeide_1.6.0/stm32cubeide/plugins/com.st.stm32cube.ide.mcu.externaltools.gnu-tools-for-stm32.9-2020-q2-update.win32_1.5.0.202011040924/tools/bin/../lib/gcc/arm-none-eabi/9.3.1/../../../../arm-none-eabi/lib/thumb/v7e-m+dp/hard\libstdc++_nano.a(eh_personality.o)
                              Core/BFFT/control_system_layer/double_buffering/test.o (__gxx_personality_v0)
c:/st/stm32cubeide_1.6.0/stm32cubeide/plugins/com.st.stm32cube.ide.mcu.externaltools.gnu-tools-for-stm32.9-2020-q2-update.win32_1.5.0.202011040924/tools/bin/../lib/gcc/arm-none-eabi/9.3.1/../../../../arm-none-eabi/lib/thumb/v7e-m+dp/hard\libstdc++_nano.a(eh_terminate.o)
                              c:/st/stm32cubeide_1.6.0/stm32cubeide/plugins/com.st.stm32cube.ide.mcu.externaltools.gnu-tools-for-stm32.9-2020-q2-update.win32_1.5.0.202011040924/tools/bin/../lib/gcc/arm-none-eabi/9.3.1/../../../../arm-none-eabi/lib/thumb/v7e-m+dp/hard\libstdc++_nano.a(eh_alloc.o) (std::terminate())
c:/st/stm32cubeide_1.6.0/stm32cubeide/plugins/com.st.stm32cube.ide.mcu.externaltools.gnu-tools-for-stm32.9-2020-q2-update.win32_1.5.0.202011040924/tools/bin/../lib/gcc/arm-none-eabi/9.3.1/../../../../arm-none-eabi/lib/thumb/v7e-m+dp/hard\libstdc++_nano.a(eh_throw.o)
                              Core/BFFT/frutil/error.o (__cxa_throw)
c:/st/stm32cubeide_1.6.0/stm32cubeide/plugins/com.st.stm32cube.ide.mcu.externaltools.gnu-tools-for-stm32.9-2020-q2-update.win32_1.5.0.202011040924/tools/bin/../lib/gcc/arm-none-eabi/9.3.1/../../../../arm-none-eabi/lib/thumb/v7e-m+dp/hard\libstdc++_nano.a(eh_unex_handler.o)
                              c:/st/stm32cubeide_1.6.0/stm32cubeide/plugins/com.st.stm32cube.ide.mcu.externaltools.gnu-tools-for-stm32.9-2020-q2-update.win32_1.5.0.202011040924/tools/bin/../lib/gcc/arm-none-eabi/9.3.1/../../../../arm-none-eabi/lib/thumb/v7e-m+dp/hard\libstdc++_nano.a(eh_terminate.o) (__cxxabiv1::__unexpected_handler)
[...]
Memory Configuration

Name             Origin             Length             Attributes
RAM              0x0000000020000000 0x0000000000080000 xrw
FLASH            0x0000000008000000 0x0000000000200000 xr
*default*        0x0000000000000000 0xffffffffffffffff

Linker script and memory map

LOAD c:/st/stm32cubeide_1.6.0/stm32cubeide/plugins/com.st.stm32cube.ide.mcu.externaltools.gnu-tools-for-stm32.9-2020-q2-update.win32_1.5.0.202011040924/tools/bin/../lib/gcc/arm-none-eabi/9.3.1/thumb/v7e-m+dp/hard/crti.o
LOAD c:/st/stm32cubeide_1.6.0/stm32cubeide/plugins/com.st.stm32cube.ide.mcu.externaltools.gnu-tools-for-stm32.9-2020-q2-update.win32_1.5.0.202011040924/tools/bin/../lib/gcc/arm-none-eabi/9.3.1/thumb/v7e-m+dp/hard/crtbegin.o
LOAD c:/st/stm32cubeide_1.6.0/stm32cubeide/plugins/com.st.stm32cube.ide.mcu.externaltools.gnu-tools-for-stm32.9-2020-q2-update.win32_1.5.0.202011040924/tools/bin/../lib/gcc/arm-none-eabi/9.3.1/../../../../arm-none-eabi/lib/thumb/v7e-m+dp/hard/crt0.o
LOAD Core/BFFT/control_system_layer/double_buffering/test.o
LOAD Core/BFFT/device_layer/inverter/Inverter.o
LOAD Core/BFFT/device_layer/inverter/InverterLeft.o
LOAD Core/BFFT/device_layer/inverter/InverterRight.o
LOAD Core/BFFT/frutil/Ticks.o
LOAD Core/BFFT/frutil/error.o
LOAD Core/BFFT/frutil/mutex_errors.o
LOAD Core/BFFT/frutil/test.o
LOAD Core/BFFT/frutil/test2.o
LOAD Core/BFFT/heap_useNewlib.o
LOAD Core/BFFT/testCAN.o
LOAD Core/BFFT/middleware_layer/can/CANController.o
LOAD Core/BFFT/middleware_layer/can/CANFrame.o
LOAD Core/BFFT/middleware_layer/can/CANFrameId.o
LOAD Core/BFFT/middleware_layer/can/CANPayload.o
LOAD Core/BFFT/middleware_layer/can/src/test.o
LOAD Core/Src/can.o
LOAD Core/Src/freertos.o
LOAD Core/Src/gpio.o
LOAD Core/Src/main.o
LOAD Core/Src/stm32f7xx_hal_msp.o
LOAD Core/Src/stm32f7xx_hal_timebase_tim.o
LOAD Core/Src/stm32f7xx_it.o
LOAD Core/Src/syscalls.o
LOAD Core/Src/sysmem.o
LOAD Core/Src/system_stm32f7xx.o
LOAD Core/Src/usart.o
LOAD Core/Startup/startup_stm32f767zitx.o
LOAD Drivers/STM32F7xx_HAL_Driver/Src/stm32f7xx_hal.o
LOAD Drivers/STM32F7xx_HAL_Driver/Src/stm32f7xx_hal_can.o
LOAD Drivers/STM32F7xx_HAL_Driver/Src/stm32f7xx_hal_cortex.o
LOAD Drivers/STM32F7xx_HAL_Driver/Src/stm32f7xx_hal_dma.o
LOAD Drivers/STM32F7xx_HAL_Driver/Src/stm32f7xx_hal_dma_ex.o
LOAD Drivers/STM32F7xx_HAL_Driver/Src/stm32f7xx_hal_exti.o
LOAD Drivers/STM32F7xx_HAL_Driver/Src/stm32f7xx_hal_flash.o
LOAD Drivers/STM32F7xx_HAL_Driver/Src/stm32f7xx_hal_flash_ex.o
LOAD Drivers/STM32F7xx_HAL_Driver/Src/stm32f7xx_hal_gpio.o
LOAD Drivers/STM32F7xx_HAL_Driver/Src/stm32f7xx_hal_i2c.o
LOAD Drivers/STM32F7xx_HAL_Driver/Src/stm32f7xx_hal_i2c_ex.o
LOAD Drivers/STM32F7xx_HAL_Driver/Src/stm32f7xx_hal_pwr.o
LOAD Drivers/STM32F7xx_HAL_Driver/Src/stm32f7xx_hal_pwr_ex.o
LOAD Drivers/STM32F7xx_HAL_Driver/Src/stm32f7xx_hal_rcc.o
LOAD Drivers/STM32F7xx_HAL_Driver/Src/stm32f7xx_hal_rcc_ex.o
LOAD Drivers/STM32F7xx_HAL_Driver/Src/stm32f7xx_hal_tim.o
LOAD Drivers/STM32F7xx_HAL_Driver/Src/stm32f7xx_hal_tim_ex.o
LOAD Drivers/STM32F7xx_HAL_Driver/Src/stm32f7xx_hal_uart.o
LOAD Drivers/STM32F7xx_HAL_Driver/Src/stm32f7xx_hal_uart_ex.o
LOAD Middlewares/Third_Party/FreeRTOS/Source/CMSIS_RTOS_V2/cmsis_os2.o
LOAD Middlewares/Third_Party/FreeRTOS/Source/croutine.o
LOAD Middlewares/Third_Party/FreeRTOS/Source/event_groups.o
LOAD Middlewares/Third_Party/FreeRTOS/Source/list.o
LOAD Middlewares/Third_Party/FreeRTOS/Source/queue.o
LOAD Middlewares/Third_Party/FreeRTOS/Source/stream_buffer.o
LOAD Middlewares/Third_Party/FreeRTOS/Source/tasks.o
LOAD Middlewares/Third_Party/FreeRTOS/Source/timers.o
LOAD Middlewares/Third_Party/FreeRTOS/Source/portable/GCC/ARM_CM7/r0p1/port.o
LOAD Middlewares/Third_Party/FreeRTOS/Source/portable/MemMang/heap_4.o
START GROUP
LOAD c:/st/stm32cubeide_1.6.0/stm32cubeide/plugins/com.st.stm32cube.ide.mcu.externaltools.gnu-tools-for-stm32.9-2020-q2-update.win32_1.5.0.202011040924/tools/bin/../lib/gcc/arm-none-eabi/9.3.1/../../../../arm-none-eabi/lib/thumb/v7e-m+dp/hard\libstdc++_nano.a
LOAD c:/st/stm32cubeide_1.6.0/stm32cubeide/plugins/com.st.stm32cube.ide.mcu.externaltools.gnu-tools-for-stm32.9-2020-q2-update.win32_1.5.0.202011040924/tools/bin/../lib/gcc/arm-none-eabi/9.3.1/../../../../arm-none-eabi/lib/thumb/v7e-m+dp/hard\libsupc++_nano.a
END GROUP
LOAD c:/st/stm32cubeide_1.6.0/stm32cubeide/plugins/com.st.stm32cube.ide.mcu.externaltools.gnu-tools-for-stm32.9-2020-q2-update.win32_1.5.0.202011040924/tools/bin/../lib/gcc/arm-none-eabi/9.3.1/../../../../arm-none-eabi/lib/thumb/v7e-m+dp/hard\libstdc++_nano.a
LOAD c:/st/stm32cubeide_1.6.0/stm32cubeide/plugins/com.st.stm32cube.ide.mcu.externaltools.gnu-tools-for-stm32.9-2020-q2-update.win32_1.5.0.202011040924/tools/bin/../lib/gcc/arm-none-eabi/9.3.1/../../../../arm-none-eabi/lib/thumb/v7e-m+dp/hard\libm.a
LOAD c:/st/stm32cubeide_1.6.0/stm32cubeide/plugins/com.st.stm32cube.ide.mcu.externaltools.gnu-tools-for-stm32.9-2020-q2-update.win32_1.5.0.202011040924/tools/bin/../lib/gcc/arm-none-eabi/9.3.1/../../../../arm-none-eabi/lib/thumb/v7e-m+dp/hard\libc_nano.a
START GROUP
LOAD c:/st/stm32cubeide_1.6.0/stm32cubeide/plugins/com.st.stm32cube.ide.mcu.externaltools.gnu-tools-for-stm32.9-2020-q2-update.win32_1.5.0.202011040924/tools/bin/../lib/gcc/arm-none-eabi/9.3.1/thumb/v7e-m+dp/hard\libgcc.a
LOAD c:/st/stm32cubeide_1.6.0/stm32cubeide/plugins/com.st.stm32cube.ide.mcu.externaltools.gnu-tools-for-stm32.9-2020-q2-update.win32_1.5.0.202011040924/tools/bin/../lib/gcc/arm-none-eabi/9.3.1/../../../../arm-none-eabi/lib/thumb/v7e-m+dp/hard\libc_nano.a
END GROUP
START GROUP
LOAD c:/st/stm32cubeide_1.6.0/stm32cubeide/plugins/com.st.stm32cube.ide.mcu.externaltools.gnu-tools-for-stm32.9-2020-q2-update.win32_1.5.0.202011040924/tools/bin/../lib/gcc/arm-none-eabi/9.3.1/thumb/v7e-m+dp/hard\libgcc.a
LOAD c:/st/stm32cubeide_1.6.0/stm32cubeide/plugins/com.st.stm32cube.ide.mcu.externaltools.gnu-tools-for-stm32.9-2020-q2-update.win32_1.5.0.202011040924/tools/bin/../lib/gcc/arm-none-eabi/9.3.1/../../../../arm-none-eabi/lib/thumb/v7e-m+dp/hard\libc_nano.a
LOAD c:/st/stm32cubeide_1.6.0/stm32cubeide/plugins/com.st.stm32cube.ide.mcu.externaltools.gnu-tools-for-stm32.9-2020-q2-update.win32_1.5.0.202011040924/tools/bin/../lib/gcc/arm-none-eabi/9.3.1/../../../../arm-none-eabi/lib/thumb/v7e-m+dp/hard\libnosys.a
END GROUP
START GROUP
LOAD c:/st/stm32cubeide_1.6.0/stm32cubeide/plugins/com.st.stm32cube.ide.mcu.externaltools.gnu-tools-for-stm32.9-2020-q2-update.win32_1.5.0.202011040924/tools/bin/../lib/gcc/arm-none-eabi/9.3.1/thumb/v7e-m+dp/hard\libgcc.a
LOAD c:/st/stm32cubeide_1.6.0/stm32cubeide/plugins/com.st.stm32cube.ide.mcu.externaltools.gnu-tools-for-stm32.9-2020-q2-update.win32_1.5.0.202011040924/tools/bin/../lib/gcc/arm-none-eabi/9.3.1/../../../../arm-none-eabi/lib/thumb/v7e-m+dp/hard\libc_nano.a
LOAD c:/st/stm32cubeide_1.6.0/stm32cubeide/plugins/com.st.stm32cube.ide.mcu.externaltools.gnu-tools-for-stm32.9-2020-q2-update.win32_1.5.0.202011040924/tools/bin/../lib/gcc/arm-none-eabi/9.3.1/../../../../arm-none-eabi/lib/thumb/v7e-m+dp/hard\libnosys.a
END GROUP
LOAD c:/st/stm32cubeide_1.6.0/stm32cubeide/plugins/com.st.stm32cube.ide.mcu.externaltools.gnu-tools-for-stm32.9-2020-q2-update.win32_1.5.0.202011040924/tools/bin/../lib/gcc/arm-none-eabi/9.3.1/thumb/v7e-m+dp/hard/crtend.o
LOAD c:/st/stm32cubeide_1.6.0/stm32cubeide/plugins/com.st.stm32cube.ide.mcu.externaltools.gnu-tools-for-stm32.9-2020-q2-update.win32_1.5.0.202011040924/tools/bin/../lib/gcc/arm-none-eabi/9.3.1/thumb/v7e-m+dp/hard/crtn.o
                0x0000000020080000                _estack = (ORIGIN (RAM) + LENGTH (RAM))
                0x0000000000000200                _Min_Heap_Size = 0x200
                0x0000000000000400                _Min_Stack_Size = 0x400

.isr_vector     0x0000000008000000      0x1f8
                0x0000000008000000                . = ALIGN (0x4)
 *(.isr_vector)
 .isr_vector    0x0000000008000000      0x1f8 Core/Startup/startup_stm32f767zitx.o
                0x0000000008000000                g_pfnVectors
                0x00000000080001f8                . = ALIGN (0x4)

.text           0x0000000008000200     0xb6d8
                0x0000000008000200                . = ALIGN (0x4)
 *(.text)
 .text          0x0000000008000200       0x40 c:/st/stm32cubeide_1.6.0/stm32cubeide/plugins/com.st.stm32cube.ide.mcu.externaltools.gnu-tools-for-stm32.9-2020-q2-update.win32_1.5.0.202011040924/tools/bin/../lib/gcc/arm-none-eabi/9.3.1/thumb/v7e-m+dp/hard/crtbegin.o
 .text          0x0000000008000240       0x14 c:/st/stm32cubeide_1.6.0/stm32cubeide/plugins/com.st.stm32cube.ide.mcu.externaltools.gnu-tools-for-stm32.9-2020-q2-update.win32_1.5.0.202011040924/tools/bin/../lib/gcc/arm-none-eabi/9.3.1/../../../../arm-none-eabi/lib/thumb/v7e-m+dp/hard\libc_nano.a(lib_a-strcmp.o)
                0x0000000008000240                strcmp
 .text          0x0000000008000254       0x30 c:/st/stm32cubeide_1.6.0/stm32cubeide/plugins/com.st.stm32cube.ide.mcu.externaltools.gnu-tools-for-stm32.9-2020-q2-update.win32_1.5.0.202011040924/tools/bin/../lib/gcc/arm-none-eabi/9.3.1/thumb/v7e-m+dp/hard\libgcc.a(_aeabi_uldivmod.o)
                0x0000000008000254                __aeabi_uldivmod
 .text          0x0000000008000284      0x2c4 c:/st/stm32cubeide_1.6.0/stm32cubeide/plugins/com.st.stm32cube.ide.mcu.externaltools.gnu-tools-for-stm32.9-2020-q2-update.win32_1.5.0.202011040924/tools/bin/../lib/gcc/arm-none-eabi/9.3.1/thumb/v7e-m+dp/hard\libgcc.a(_udivmoddi4.o)
                0x0000000008000284                __udivmoddi4
 .text          0x0000000008000548      0x9b8 c:/st/stm32cubeide_1.6.0/stm32cubeide/plugins/com.st.stm32cube.ide.mcu.externaltools.gnu-tools-for-stm32.9-2020-q2-update.win32_1.5.0.202011040924/tools/bin/../lib/gcc/arm-none-eabi/9.3.1/thumb/v7e-m+dp/hard\libgcc.a(unwind-arm.o)
                0x00000000080007f0                _Unwind_GetCFA
                0x00000000080007f4                __gnu_Unwind_RaiseException
                0x0000000008000854                __gnu_Unwind_ForcedUnwind
                0x0000000008000868                __gnu_Unwind_Resume
                0x00000000080008ac                __gnu_Unwind_Resume_or_Rethrow
                0x00000000080008bc                _Unwind_Complete
                0x00000000080008c0                _Unwind_DeleteException
                0x00000000080008cc                _Unwind_VRS_Get
                0x0000000008000914                _Unwind_VRS_Set
                0x000000000800095c                __gnu_Unwind_Backtrace
                0x0000000008000c7c                __aeabi_unwind_cpp_pr0
                0x0000000008000c80                __aeabi_unwind_cpp_pr1
                0x0000000008000c84                __aeabi_unwind_cpp_pr2
                0x0000000008000c88                _Unwind_VRS_Pop
 .text          0x0000000008000f00      0x1ac c:/st/stm32cubeide_1.6.0/stm32cubeide/plugins/com.st.stm32cube.ide.mcu.externaltools.gnu-tools-for-stm32.9-2020-q2-update.win32_1.5.0.202011040924/tools/bin/../lib/gcc/arm-none-eabi/9.3.1/thumb/v7e-m+dp/hard\libgcc.a(libunwind.o)
                0x0000000008000f00                __restore_core_regs
                0x0000000008000f00                restore_core_regs
                0x0000000008000f18                __gnu_Unwind_Restore_VFP
                0x0000000008000f20                __gnu_Unwind_Save_VFP
                0x0000000008000f28                __gnu_Unwind_Restore_VFP_D
                0x0000000008000f30                __gnu_Unwind_Save_VFP_D
                0x0000000008000f38                __gnu_Unwind_Restore_VFP_D_16_to_31
                0x0000000008000f40                __gnu_Unwind_Save_VFP_D_16_to_31
                0x0000000008000f48                __gnu_Unwind_Restore_WMMXD
                0x0000000008000f8c                __gnu_Unwind_Save_WMMXD
                0x0000000008000fd0                __gnu_Unwind_Restore_WMMXC
                0x0000000008000fe4                __gnu_Unwind_Save_WMMXC
                0x0000000008000ff8                ___Unwind_RaiseException
                0x0000000008000ff8                _Unwind_RaiseException
                0x000000000800101c                _Unwind_Resume
                0x000000000800101c                ___Unwind_Resume
                0x0000000008001040                _Unwind_Resume_or_Rethrow
                0x0000000008001040                ___Unwind_Resume_or_Rethrow
                0x0000000008001064                _Unwind_ForcedUnwind
                0x0000000008001064                ___Unwind_ForcedUnwind
                0x0000000008001088                ___Unwind_Backtrace
                0x0000000008001088                _Unwind_Backtrace
 .text          0x00000000080010ac      0x340 c:/st/stm32cubeide_1.6.0/stm32cubeide/plugins/com.st.stm32cube.ide.mcu.externaltools.gnu-tools-for-stm32.9-2020-q2-update.win32_1.5.0.202011040924/tools/bin/../lib/gcc/arm-none-eabi/9.3.1/thumb/v7e-m+dp/hard\libgcc.a(pr-support.o)
                0x0000000008001104                __gnu_unwind_execute
                0x00000000080013a0                __gnu_unwind_frame
                0x00000000080013cc                _Unwind_GetRegionStart
                0x00000000080013d8                _Unwind_GetLanguageSpecificData
 .text          0x00000000080013ec        0x4 c:/st/stm32cubeide_1.6.0/stm32cubeide/plugins/com.st.stm32cube.ide.mcu.externaltools.gnu-tools-for-stm32.9-2020-q2-update.win32_1.5.0.202011040924/tools/bin/../lib/gcc/arm-none-eabi/9.3.1/thumb/v7e-m+dp/hard\libgcc.a(_dvmd_tls.o)
                0x00000000080013ec                __aeabi_idiv0
                0x00000000080013ec                __aeabi_ldiv0
 *(.text*)
 .text._ZN14ICANSubscriberC2Ev
                0x00000000080013f0       0x20 Core/BFFT/device_layer/inverter/Inverter.o
                0x00000000080013f0                ICANSubscriber::ICANSubscriber()
                0x00000000080013f0                ICANSubscriber::ICANSubscriber()
 .text._ZN14ICANSubscriberD2Ev
                0x0000000008001410       0x20 Core/BFFT/device_layer/inverter/Inverter.o
                0x0000000008001410                ICANSubscriber::~ICANSubscriber()
                0x0000000008001410                ICANSubscriber::~ICANSubscriber()
 .text._ZN14ICANSubscriberD0Ev
                0x0000000008001430       0x20 Core/BFFT/device_layer/inverter/Inverter.o
                0x0000000008001430                ICANSubscriber::~ICANSubscriber()
 .text._ZN8InverterC2ER13CANController10CANFrameId
                0x0000000008001450       0x74 Core/BFFT/device_layer/inverter/Inverter.o
                0x0000000008001450                Inverter::Inverter(CANController&, CANFrameId)
                0x0000000008001450                Inverter::Inverter(CANController&, CANFrameId)
 .text._ZN8InverterD2Ev
                0x00000000080014c4       0x24 Core/BFFT/device_layer/inverter/InverterLeft.o
                0x00000000080014c4                Inverter::~Inverter()
                0x00000000080014c4                Inverter::~Inverter()
 .text._ZN8InverterD0Ev
                0x00000000080014e8       0x20 Core/BFFT/device_layer/inverter/InverterLeft.o
                0x00000000080014e8                Inverter::~Inverter()
 .text._ZN12InverterLeftC2ER13CANController
                0x0000000008001508       0x48 Core/BFFT/device_layer/inverter/InverterLeft.o
                0x0000000008001508                InverterLeft::InverterLeft(CANController&)
                0x0000000008001508                InverterLeft::InverterLeft(CANController&)
 .text._ZN12InverterLeft7receiveE8CANFrame
                0x0000000008001550       0x2c Core/BFFT/device_layer/inverter/InverterLeft.o
                0x0000000008001550                InverterLeft::receive(CANFrame)
 .text._ZN12InverterLeftD2Ev
                0x000000000800157c       0x24 Core/BFFT/device_layer/inverter/InverterLeft.o
                0x000000000800157c                InverterLeft::~InverterLeft()
                0x000000000800157c                InverterLeft::~InverterLeft()
 .text._ZN12InverterLeftD0Ev
                0x00000000080015a0       0x20 Core/BFFT/device_layer/inverter/InverterLeft.o
                0x00000000080015a0                InverterLeft::~InverterLeft()
 .text._ZN13InverterRightC2ER13CANController
                0x00000000080015c0       0x48 Core/BFFT/device_layer/inverter/InverterRight.o
                0x00000000080015c0                InverterRight::InverterRight(CANController&)
                0x00000000080015c0                InverterRight::InverterRight(CANController&)
 .text._ZN13InverterRight7receiveE8CANFrame
                0x0000000008001608       0x2c Core/BFFT/device_layer/inverter/InverterRight.o
                0x0000000008001608                InverterRight::receive(CANFrame)
 .text._ZN13InverterRightD2Ev
                0x0000000008001634       0x24 Core/BFFT/device_layer/inverter/InverterRight.o
                0x0000000008001634                InverterRight::~InverterRight()
                0x0000000008001634                InverterRight::~InverterRight()
 .text._ZN13InverterRightD0Ev
                0x0000000008001658       0x20 Core/BFFT/device_layer/inverter/InverterRight.o
                0x0000000008001658                InverterRight::~InverterRight()
 .text._ZN5TicksC2Em
                0x0000000008001678       0x1e Core/BFFT/frutil/Ticks.o
                0x0000000008001678                Ticks::Ticks(unsigned long)
                0x0000000008001678                Ticks::Ticks(unsigned long)
 *fill*         0x0000000008001696        0x2 
 .text._Z41__static_initialization_and_destruction_0ii
                0x0000000008001698       0x30 Core/BFFT/frutil/Ticks.o
 .text._GLOBAL__sub_I__ZN5Ticks9cMaxDelayE
                0x00000000080016c8       0x10 Core/BFFT/frutil/Ticks.o
 .text._sbrk_r  0x00000000080016d8       0xe4 Core/BFFT/heap_useNewlib.o
                0x00000000080016d8                _sbrk_r
 .text.__malloc_lock
                0x00000000080017bc       0x3c Core/BFFT/heap_useNewlib.o
                0x00000000080017bc                __malloc_lock
 .text.__malloc_unlock
                0x00000000080017f8       0x28 Core/BFFT/heap_useNewlib.o
                0x00000000080017f8                __malloc_unlock
 .text.pvPortMalloc
                0x0000000008001820       0x1c Core/BFFT/heap_useNewlib.o
                0x0000000008001820                pvPortMalloc
 .text.vPortFree
                0x000000000800183c       0x16 Core/BFFT/heap_useNewlib.o
                0x000000000800183c                vPortFree
 .text._ZnwjPv  0x0000000008001852       0x18 Core/BFFT/testCAN.o
                0x0000000008001852                operator new(unsigned int, void*)
 .text._ZN17CANControllerBase13addSubscriberE10CANFrameIdR14ICANSubscriber
                0x000000000800186a       0x3a Core/BFFT/testCAN.o
                0x000000000800186a                CANControllerBase::addSubscriber(CANFrameId, ICANSubscriber&)
 .text._ZN17CANControllerBase7receiveE8CANFrame
                0x00000000080018a4       0xd0 Core/BFFT/testCAN.o
                0x00000000080018a4                CANControllerBase::receive(CANFrame)
 .text._ZN17CANControllerBaseD2Ev
                0x0000000008001974       0x30 Core/BFFT/testCAN.o
                0x0000000008001974                CANControllerBase::~CANControllerBase()
                0x0000000008001974                CANControllerBase::~CANControllerBase()
 .text._ZN13CANControllerD2Ev
                0x00000000080019a4       0x24 Core/BFFT/testCAN.o
                0x00000000080019a4                CANController::~CANController()
                0x00000000080019a4                CANController::~CANController()
 .text._ZNSt12_Vector_baseI10CANFrameIdSaIS0_EE12_Vector_implD2Ev
                0x00000000080019c8       0x18 Core/BFFT/testCAN.o
                0x00000000080019c8                std::_Vector_base<CANFrameId, std::allocator<CANFrameId> >::_Vector_impl::~_Vector_impl()
                0x00000000080019c8                std::_Vector_base<CANFrameId, std::allocator<CANFrameId> >::_Vector_impl::~_Vector_impl()
 .text._ZNSt12_Vector_baseIP14ICANSubscriberSaIS1_EE12_Vector_implD2Ev
                0x00000000080019e0       0x18 Core/BFFT/testCAN.o
                0x00000000080019e0                std::_Vector_base<ICANSubscriber*, std::allocator<ICANSubscriber*> >::_Vector_impl::~_Vector_impl()
                0x00000000080019e0                std::_Vector_base<ICANSubscriber*, std::allocator<ICANSubscriber*> >::_Vector_impl::~_Vector_impl()
 .text.vtestCAN
                0x00000000080019f8      0x190 Core/BFFT/testCAN.o
                0x00000000080019f8                vtestCAN
 .text._ZNSt6vectorI10CANFrameIdSaIS0_EE9push_backERKS0_
                0x0000000008001b88       0x4c Core/BFFT/testCAN.o
                0x0000000008001b88                std::vector<CANFrameId, std::allocator<CANFrameId> >::push_back(CANFrameId const&)
 .text._ZNSt6vectorIP14ICANSubscriberSaIS1_EE9push_backEOS1_
                0x0000000008001bd4       0x22 Core/BFFT/testCAN.o
                0x0000000008001bd4                std::vector<ICANSubscriber*, std::allocator<ICANSubscriber*> >::push_back(ICANSubscriber*&&)
 .text._ZNSt6vectorI10CANFrameIdSaIS0_EE5beginEv
                0x0000000008001bf6       0x20 Core/BFFT/testCAN.o
                0x0000000008001bf6                std::vector<CANFrameId, std::allocator<CANFrameId> >::begin()
 .text._ZNSt6vectorI10CANFrameIdSaIS0_EE3endEv
                0x0000000008001c16       0x22 Core/BFFT/testCAN.o
                0x0000000008001c16                std::vector<CANFrameId, std::allocator<CANFrameId> >::end()
 .text._ZN9__gnu_cxxneIP10CANFrameIdSt6vectorIS1_SaIS1_EEEEbRKNS_17__normal_iteratorIT_T0_EESB_
                0x0000000008001c38       0x30 Core/BFFT/testCAN.o
                0x0000000008001c38                bool __gnu_cxx::operator!=<CANFrameId*, std::vector<CANFrameId, std::allocator<CANFrameId> > >(__gnu_cxx::__normal_iterator<CANFrameId*, std::vector<CANFrameId, std::allocator<CANFrameId> > > const&, __gnu_cxx::__normal_iterator<CANFrameId*, std::vector<CANFrameId, std::allocator<CANFrameId> > > const&)
 .text._ZN9__gnu_cxx17__normal_iteratorIP10CANFrameIdSt6vectorIS1_SaIS1_EEEppEv
                0x0000000008001c68       0x22 Core/BFFT/testCAN.o
                0x0000000008001c68                __gnu_cxx::__normal_iterator<CANFrameId*, std::vector<CANFrameId, std::allocator<CANFrameId> > >::operator++()
 .text._ZNK9__gnu_cxx17__normal_iteratorIP10CANFrameIdSt6vectorIS1_SaIS1_EEEdeEv
                0x0000000008001c8a       0x18 Core/BFFT/testCAN.o
                0x0000000008001c8a                __gnu_cxx::__normal_iterator<CANFrameId*, std::vector<CANFrameId, std::allocator<CANFrameId> > >::operator*() const
 *fill*         0x0000000008001ca2        0x2 
 .text._ZN9__gnu_cxxmiIP10CANFrameIdSt6vectorIS1_SaIS1_EEEENS_17__normal_iteratorIT_T0_E15difference_typeERKS9_SC_
                0x0000000008001ca4       0x34 Core/BFFT/testCAN.o
                0x0000000008001ca4                __gnu_cxx::__normal_iterator<CANFrameId*, std::vector<CANFrameId, std::allocator<CANFrameId> > >::difference_type __gnu_cxx::operator-<CANFrameId*, std::vector<CANFrameId, std::allocator<CANFrameId> > >(__gnu_cxx::__normal_iterator<CANFrameId*, std::vector<CANFrameId, std::allocator<CANFrameId> > > const&, __gnu_cxx::__normal_iterator<CANFrameId*, std::vector<CANFrameId, std::allocator<CANFrameId> > > const&)
 .text._ZNSt6vectorIP14ICANSubscriberSaIS1_EEixEj
                0x0000000008001cd8       0x20 Core/BFFT/testCAN.o
                0x0000000008001cd8                std::vector<ICANSubscriber*, std::allocator<ICANSubscriber*> >::operator[](unsigned int)
 .text._ZNSt6vectorI10CANFrameIdSaIS0_EED2Ev
                0x0000000008001cf8       0x36 Core/BFFT/testCAN.o
                0x0000000008001cf8                std::vector<CANFrameId, std::allocator<CANFrameId> >::~vector()
                0x0000000008001cf8                std::vector<CANFrameId, std::allocator<CANFrameId> >::~vector()
 .text._ZNSt6vectorIP14ICANSubscriberSaIS1_EED2Ev
                0x0000000008001d2e       0x36 Core/BFFT/testCAN.o
                0x0000000008001d2e                std::vector<ICANSubscriber*, std::allocator<ICANSubscriber*> >::~vector()
                0x0000000008001d2e                std::vector<ICANSubscriber*, std::allocator<ICANSubscriber*> >::~vector()
 .text._ZNSaI10CANFrameIdED2Ev
                0x0000000008001d64       0x18 Core/BFFT/testCAN.o
                0x0000000008001d64                std::allocator<CANFrameId>::~allocator()
                0x0000000008001d64                std::allocator<CANFrameId>::~allocator()
 .text._ZNSt12_Vector_baseI10CANFrameIdSaIS0_EED2Ev
                0x0000000008001d7c       0x3c Core/BFFT/testCAN.o
                0x0000000008001d7c                std::_Vector_base<CANFrameId, std::allocator<CANFrameId> >::~_Vector_base()
                0x0000000008001d7c                std::_Vector_base<CANFrameId, std::allocator<CANFrameId> >::~_Vector_base()
 .text._ZNSaIP14ICANSubscriberED2Ev
                0x0000000008001db8       0x18 Core/BFFT/testCAN.o
                0x0000000008001db8                std::allocator<ICANSubscriber*>::~allocator()
                0x0000000008001db8                std::allocator<ICANSubscriber*>::~allocator()
 .text._ZNSt12_Vector_baseIP14ICANSubscriberSaIS1_EED2Ev
                0x0000000008001dd0       0x32 Core/BFFT/testCAN.o
                0x0000000008001dd0                std::_Vector_base<ICANSubscriber*, std::allocator<ICANSubscriber*> >::~_Vector_base()
                0x0000000008001dd0                std::_Vector_base<ICANSubscriber*, std::allocator<ICANSubscriber*> >::~_Vector_base()
 .text._ZNSt16allocator_traitsISaI10CANFrameIdEE9constructIS0_JRKS0_EEEvRS1_PT_DpOT0_
                0x0000000008001e02       0x26 Core/BFFT/testCAN.o
                0x0000000008001e02                void std::allocator_traits<std::allocator<CANFrameId> >::construct<CANFrameId, CANFrameId const&>(std::allocator<CANFrameId>&, CANFrameId*, CANFrameId const&)
 .text._ZNSt6vectorI10CANFrameIdSaIS0_EE15_S_use_relocateEv
                0x0000000008001e28       0x16 Core/BFFT/testCAN.o
                0x0000000008001e28                std::vector<CANFrameId, std::allocator<CANFrameId> >::_S_use_relocate()
 .text._ZNSt6vectorI10CANFrameIdSaIS0_EE19_S_nothrow_relocateESt17integral_constantIbLb1EE
                0x0000000008001e3e       0x16 Core/BFFT/testCAN.o
                0x0000000008001e3e                std::vector<CANFrameId, std::allocator<CANFrameId> >::_S_nothrow_relocate(std::integral_constant<bool, true>)
 .text._ZNSt6vectorI10CANFrameIdSaIS0_EE17_M_realloc_insertIJRKS0_EEEvN9__gnu_cxx17__normal_iteratorIPS0_S2_EEDpOT_
                0x0000000008001e54      0x1ec Core/BFFT/testCAN.o
                0x0000000008001e54                void std::vector<CANFrameId, std::allocator<CANFrameId> >::_M_realloc_insert<CANFrameId const&>(__gnu_cxx::__normal_iterator<CANFrameId*, std::vector<CANFrameId, std::allocator<CANFrameId> > >, CANFrameId const&)
 .text._ZSt4moveIRP14ICANSubscriberEONSt16remove_referenceIT_E4typeEOS4_
                0x0000000008002040       0x16 Core/BFFT/testCAN.o
                0x0000000008002040                std::remove_reference<ICANSubscriber*&>::type&& std::move<ICANSubscriber*&>(ICANSubscriber*&)
 .text._ZNSt6vectorIP14ICANSubscriberSaIS1_EE12emplace_backIJS1_EEEvDpOT_
                0x0000000008002056       0x5c Core/BFFT/testCAN.o
                0x0000000008002056                void std::vector<ICANSubscriber*, std::allocator<ICANSubscriber*> >::emplace_back<ICANSubscriber*>(ICANSubscriber*&&)
 .text._ZN9__gnu_cxx17__normal_iteratorIP10CANFrameIdSt6vectorIS1_SaIS1_EEEC2ERKS2_
                0x00000000080020b2       0x20 Core/BFFT/testCAN.o
                0x00000000080020b2                __gnu_cxx::__normal_iterator<CANFrameId*, std::vector<CANFrameId, std::allocator<CANFrameId> > >::__normal_iterator(CANFrameId* const&)
                0x00000000080020b2                __gnu_cxx::__normal_iterator<CANFrameId*, std::vector<CANFrameId, std::allocator<CANFrameId> > >::__normal_iterator(CANFrameId* const&)
 .text._ZNK9__gnu_cxx17__normal_iteratorIP10CANFrameIdSt6vectorIS1_SaIS1_EEE4baseEv
                0x00000000080020d2       0x16 Core/BFFT/testCAN.o
                0x00000000080020d2                __gnu_cxx::__normal_iterator<CANFrameId*, std::vector<CANFrameId, std::allocator<CANFrameId> > >::base() const
 .text._ZNSt12_Vector_baseI10CANFrameIdSaIS0_EE19_M_get_Tp_allocatorEv
                0x00000000080020e8       0x16 Core/BFFT/testCAN.o
                0x00000000080020e8                std::_Vector_base<CANFrameId, std::allocator<CANFrameId> >::_M_get_Tp_allocator()
 .text._ZSt8_DestroyIP10CANFrameIdS0_EvT_S2_RSaIT0_E
                0x00000000080020fe       0x1c Core/BFFT/testCAN.o
                0x00000000080020fe                void std::_Destroy<CANFrameId*, CANFrameId>(CANFrameId*, CANFrameId*, std::allocator<CANFrameId>&)
 .text._ZNSt12_Vector_baseIP14ICANSubscriberSaIS1_EE19_M_get_Tp_allocatorEv
                0x000000000800211a       0x16 Core/BFFT/testCAN.o
                0x000000000800211a                std::_Vector_base<ICANSubscriber*, std::allocator<ICANSubscriber*> >::_M_get_Tp_allocator()
 .text._ZSt8_DestroyIPP14ICANSubscriberS1_EvT_S3_RSaIT0_E
                0x0000000008002130       0x1c Core/BFFT/testCAN.o
                0x0000000008002130                void std::_Destroy<ICANSubscriber**, ICANSubscriber*>(ICANSubscriber**, ICANSubscriber**, std::allocator<ICANSubscriber*>&)
 .text._ZN9__gnu_cxx13new_allocatorI10CANFrameIdED2Ev
                0x000000000800214c       0x16 Core/BFFT/testCAN.o
                0x000000000800214c                __gnu_cxx::new_allocator<CANFrameId>::~new_allocator()
                0x000000000800214c                __gnu_cxx::new_allocator<CANFrameId>::~new_allocator()
 .text._ZNSt12_Vector_baseI10CANFrameIdSaIS0_EE13_M_deallocateEPS0_j
                0x0000000008002162       0x26 Core/BFFT/testCAN.o
                0x0000000008002162                std::_Vector_base<CANFrameId, std::allocator<CANFrameId> >::_M_deallocate(CANFrameId*, unsigned int)
 .text._ZN9__gnu_cxx13new_allocatorIP14ICANSubscriberED2Ev
                0x0000000008002188       0x16 Core/BFFT/testCAN.o
                0x0000000008002188                __gnu_cxx::new_allocator<ICANSubscriber*>::~new_allocator()
                0x0000000008002188                __gnu_cxx::new_allocator<ICANSubscriber*>::~new_allocator()
 .text._ZNSt12_Vector_baseIP14ICANSubscriberSaIS1_EE13_M_deallocateEPS1_j
                0x000000000800219e       0x26 Core/BFFT/testCAN.o
                0x000000000800219e                std::_Vector_base<ICANSubscriber*, std::allocator<ICANSubscriber*> >::_M_deallocate(ICANSubscriber**, unsigned int)
 .text._ZSt7forwardIRK10CANFrameIdEOT_RNSt16remove_referenceIS3_E4typeE
                0x00000000080021c4       0x16 Core/BFFT/testCAN.o
                0x00000000080021c4                CANFrameId const& std::forward<CANFrameId const&>(std::remove_reference<CANFrameId const&>::type&)
 .text._ZN9__gnu_cxx13new_allocatorI10CANFrameIdE9constructIS1_JRKS1_EEEvPT_DpOT0_
                0x00000000080021da       0x30 Core/BFFT/testCAN.o
                0x00000000080021da                void __gnu_cxx::new_allocator<CANFrameId>::construct<CANFrameId, CANFrameId const&>(CANFrameId*, CANFrameId const&)
 .text._ZNKSt6vectorI10CANFrameIdSaIS0_EE12_M_check_lenEjPKc
                0x000000000800220a       0x8e Core/BFFT/testCAN.o
                0x000000000800220a                std::vector<CANFrameId, std::allocator<CANFrameId> >::_M_check_len(unsigned int, char const*) const
 .text._ZNSt12_Vector_baseI10CANFrameIdSaIS0_EE11_M_allocateEj
                0x0000000008002298       0x28 Core/BFFT/testCAN.o
                0x0000000008002298                std::_Vector_base<CANFrameId, std::allocator<CANFrameId> >::_M_allocate(unsigned int)
 .text._ZNSt6vectorI10CANFrameIdSaIS0_EE11_S_relocateEPS0_S3_S3_RS1_
                0x00000000080022c0       0x28 Core/BFFT/testCAN.o
                0x00000000080022c0                std::vector<CANFrameId, std::allocator<CANFrameId> >::_S_relocate(CANFrameId*, CANFrameId*, CANFrameId*, std::allocator<CANFrameId>&)
 .text._ZSt34__uninitialized_move_if_noexcept_aIP10CANFrameIdS1_SaIS0_EET0_T_S4_S3_RT1_
                0x00000000080022e8       0x32 Core/BFFT/testCAN.o
                0x00000000080022e8                CANFrameId* std::__uninitialized_move_if_noexcept_a<CANFrameId*, CANFrameId*, std::allocator<CANFrameId> >(CANFrameId*, CANFrameId*, CANFrameId*, std::allocator<CANFrameId>&)
 .text._ZNSt16allocator_traitsISaI10CANFrameIdEE7destroyIS0_EEvRS1_PT_
                0x000000000800231a       0x1a Core/BFFT/testCAN.o
                0x000000000800231a                void std::allocator_traits<std::allocator<CANFrameId> >::destroy<CANFrameId>(std::allocator<CANFrameId>&, CANFrameId*)
 .text._ZSt7forwardIP14ICANSubscriberEOT_RNSt16remove_referenceIS2_E4typeE
                0x0000000008002334       0x16 Core/BFFT/testCAN.o
                0x0000000008002334                ICANSubscriber*&& std::forward<ICANSubscriber*>(std::remove_reference<ICANSubscriber*>::type&)
 .text._ZNSt16allocator_traitsISaIP14ICANSubscriberEE9constructIS1_JS1_EEEvRS2_PT_DpOT0_
                0x000000000800234a       0x26 Core/BFFT/testCAN.o
                0x000000000800234a                void std::allocator_traits<std::allocator<ICANSubscriber*> >::construct<ICANSubscriber*, ICANSubscriber*>(std::allocator<ICANSubscriber*>&, ICANSubscriber**, ICANSubscriber*&&)
 .text._ZNSt6vectorIP14ICANSubscriberSaIS1_EE3endEv
                0x0000000008002370       0x22 Core/BFFT/testCAN.o
                0x0000000008002370                std::vector<ICANSubscriber*, std::allocator<ICANSubscriber*> >::end()
 .text._ZNSt6vectorIP14ICANSubscriberSaIS1_EE15_S_use_relocateEv
                0x0000000008002392       0x16 Core/BFFT/testCAN.o
                0x0000000008002392                std::vector<ICANSubscriber*, std::allocator<ICANSubscriber*> >::_S_use_relocate()
 .text._ZNSt6vectorIP14ICANSubscriberSaIS1_EE19_S_nothrow_relocateESt17integral_constantIbLb1EE
                0x00000000080023a8       0x16 Core/BFFT/testCAN.o
                0x00000000080023a8                std::vector<ICANSubscriber*, std::allocator<ICANSubscriber*> >::_S_nothrow_relocate(std::integral_constant<bool, true>)
 *fill*         0x00000000080023be        0x2 
 .text._ZNSt6vectorIP14ICANSubscriberSaIS1_EE17_M_realloc_insertIJS1_EEEvN9__gnu_cxx17__normal_iteratorIPS1_S3_EEDpOT_
                0x00000000080023c0      0x1cc Core/BFFT/testCAN.o
                0x00000000080023c0                void std::vector<ICANSubscriber*, std::allocator<ICANSubscriber*> >::_M_realloc_insert<ICANSubscriber*>(__gnu_cxx::__normal_iterator<ICANSubscriber**, std::vector<ICANSubscriber*, std::allocator<ICANSubscriber*> > >, ICANSubscriber*&&)
 .text._ZSt8_DestroyIP10CANFrameIdEvT_S2_
                0x000000000800258c       0x1a Core/BFFT/testCAN.o
                0x000000000800258c                void std::_Destroy<CANFrameId*>(CANFrameId*, CANFrameId*)
 .text._ZSt8_DestroyIPP14ICANSubscriberEvT_S3_
                0x00000000080025a6       0x1a Core/BFFT/testCAN.o
                0x00000000080025a6                void std::_Destroy<ICANSubscriber**>(ICANSubscriber**, ICANSubscriber**)
 .text._ZNSt16allocator_traitsISaI10CANFrameIdEE10deallocateERS1_PS0_j
                0x00000000080025c0       0x1e Core/BFFT/testCAN.o
                0x00000000080025c0                std::allocator_traits<std::allocator<CANFrameId> >::deallocate(std::allocator<CANFrameId>&, CANFrameId*, unsigned int)
 .text._ZNSt16allocator_traitsISaIP14ICANSubscriberEE10deallocateERS2_PS1_j
                0x00000000080025de       0x1e Core/BFFT/testCAN.o
                0x00000000080025de                std::allocator_traits<std::allocator<ICANSubscriber*> >::deallocate(std::allocator<ICANSubscriber*>&, ICANSubscriber**, unsigned int)
 .text._ZNKSt6vectorI10CANFrameIdSaIS0_EE8max_sizeEv
                0x00000000080025fc       0x22 Core/BFFT/testCAN.o
                0x00000000080025fc                std::vector<CANFrameId, std::allocator<CANFrameId> >::max_size() const
 *fill*         0x000000000800261e        0x2 
 .text._ZNKSt6vectorI10CANFrameIdSaIS0_EE4sizeEv
                0x0000000008002620       0x2c Core/BFFT/testCAN.o
                0x0000000008002620                std::vector<CANFrameId, std::allocator<CANFrameId> >::size() const
 .text._ZSt3maxIjERKT_S2_S2_
                0x000000000800264c       0x28 Core/BFFT/testCAN.o
                0x000000000800264c                unsigned int const& std::max<unsigned int>(unsigned int const&, unsigned int const&)
 .text._ZNSt16allocator_traitsISaI10CANFrameIdEE8allocateERS1_j
                0x0000000008002674       0x1e Core/BFFT/testCAN.o
                0x0000000008002674                std::allocator_traits<std::allocator<CANFrameId> >::allocate(std::allocator<CANFrameId>&, unsigned int)
 .text._ZNSt6vectorI10CANFrameIdSaIS0_EE14_S_do_relocateEPS0_S3_S3_RS1_St17integral_constantIbLb1EE
                0x0000000008002692       0x24 Core/BFFT/testCAN.o
                0x0000000008002692                std::vector<CANFrameId, std::allocator<CANFrameId> >::_S_do_relocate(CANFrameId*, CANFrameId*, CANFrameId*, std::allocator<CANFrameId>&, std::integral_constant<bool, true>)
 .text._ZSt32__make_move_if_noexcept_iteratorI10CANFrameIdSt13move_iteratorIPS0_EET0_PT_
                0x00000000080026b6       0x1e Core/BFFT/testCAN.o
                0x00000000080026b6                std::move_iterator<CANFrameId*> std::__make_move_if_noexcept_iterator<CANFrameId, std::move_iterator<CANFrameId*> >(CANFrameId*)
 .text._ZSt22__uninitialized_copy_aISt13move_iteratorIP10CANFrameIdES2_S1_ET0_T_S5_S4_RSaIT1_E
                0x00000000080026d4       0x22 Core/BFFT/testCAN.o
                0x00000000080026d4                CANFrameId* std::__uninitialized_copy_a<std::move_iterator<CANFrameId*>, CANFrameId*, CANFrameId>(std::move_iterator<CANFrameId*>, std::move_iterator<CANFrameId*>, CANFrameId*, std::allocator<CANFrameId>&)
 .text._ZN9__gnu_cxx13new_allocatorI10CANFrameIdE7destroyIS1_EEvPT_
                0x00000000080026f6       0x16 Core/BFFT/testCAN.o
                0x00000000080026f6                void __gnu_cxx::new_allocator<CANFrameId>::destroy<CANFrameId>(CANFrameId*)
 .text._ZN9__gnu_cxx13new_allocatorIP14ICANSubscriberE9constructIS2_JS2_EEEvPT_DpOT0_
                0x000000000800270c       0x2c Core/BFFT/testCAN.o
                0x000000000800270c                void __gnu_cxx::new_allocator<ICANSubscriber*>::construct<ICANSubscriber*, ICANSubscriber*>(ICANSubscriber**, ICANSubscriber*&&)
 .text._ZN9__gnu_cxx17__normal_iteratorIPP14ICANSubscriberSt6vectorIS2_SaIS2_EEEC2ERKS3_
                0x0000000008002738       0x20 Core/BFFT/testCAN.o
                0x0000000008002738                __gnu_cxx::__normal_iterator<ICANSubscriber**, std::vector<ICANSubscriber*, std::allocator<ICANSubscriber*> > >::__normal_iterator(ICANSubscriber** const&)
                0x0000000008002738                __gnu_cxx::__normal_iterator<ICANSubscriber**, std::vector<ICANSubscriber*, std::allocator<ICANSubscriber*> > >::__normal_iterator(ICANSubscriber** const&)
 .text._ZNKSt6vectorIP14ICANSubscriberSaIS1_EE12_M_check_lenEjPKc
                0x0000000008002758       0x8e Core/BFFT/testCAN.o
                0x0000000008002758                std::vector<ICANSubscriber*, std::allocator<ICANSubscriber*> >::_M_check_len(unsigned int, char const*) const
 .text._ZNSt6vectorIP14ICANSubscriberSaIS1_EE5beginEv
                0x00000000080027e6       0x20 Core/BFFT/testCAN.o
                0x00000000080027e6                std::vector<ICANSubscriber*, std::allocator<ICANSubscriber*> >::begin()
 .text._ZN9__gnu_cxxmiIPP14ICANSubscriberSt6vectorIS2_SaIS2_EEEENS_17__normal_iteratorIT_T0_E15difference_typeERKSA_SD_
                0x0000000008002806       0x2a Core/BFFT/testCAN.o
                0x0000000008002806                __gnu_cxx::__normal_iterator<ICANSubscriber**, std::vector<ICANSubscriber*, std::allocator<ICANSubscriber*> > >::difference_type __gnu_cxx::operator-<ICANSubscriber**, std::vector<ICANSubscriber*, std::allocator<ICANSubscriber*> > >(__gnu_cxx::__normal_iterator<ICANSubscriber**, std::vector<ICANSubscriber*, std::allocator<ICANSubscriber*> > > const&, __gnu_cxx::__normal_iterator<ICANSubscriber**, std::vector<ICANSubscriber*, std::allocator<ICANSubscriber*> > > const&)
 .text._ZNSt12_Vector_baseIP14ICANSubscriberSaIS1_EE11_M_allocateEj
                0x0000000008002830       0x28 Core/BFFT/testCAN.o
                0x0000000008002830                std::_Vector_base<ICANSubscriber*, std::allocator<ICANSubscriber*> >::_M_allocate(unsigned int)
 .text._ZNSt6vectorIP14ICANSubscriberSaIS1_EE11_S_relocateEPS1_S4_S4_RS2_
                0x0000000008002858       0x28 Core/BFFT/testCAN.o
                0x0000000008002858                std::vector<ICANSubscriber*, std::allocator<ICANSubscriber*> >::_S_relocate(ICANSubscriber**, ICANSubscriber**, ICANSubscriber**, std::allocator<ICANSubscriber*>&)
 .text._ZNK9__gnu_cxx17__normal_iteratorIPP14ICANSubscriberSt6vectorIS2_SaIS2_EEE4baseEv
                0x0000000008002880       0x16 Core/BFFT/testCAN.o
                0x0000000008002880                __gnu_cxx::__normal_iterator<ICANSubscriber**, std::vector<ICANSubscriber*, std::allocator<ICANSubscriber*> > >::base() const
 .text._ZSt34__uninitialized_move_if_noexcept_aIPP14ICANSubscriberS2_SaIS1_EET0_T_S5_S4_RT1_
                0x0000000008002896       0x32 Core/BFFT/testCAN.o
                0x0000000008002896                ICANSubscriber** std::__uninitialized_move_if_noexcept_a<ICANSubscriber**, ICANSubscriber**, std::allocator<ICANSubscriber*> >(ICANSubscriber**, ICANSubscriber**, ICANSubscriber**, std::allocator<ICANSubscriber*>&)
 .text._ZNSt16allocator_traitsISaIP14ICANSubscriberEE7destroyIS1_EEvRS2_PT_
                0x00000000080028c8       0x1a Core/BFFT/testCAN.o
                0x00000000080028c8                void std::allocator_traits<std::allocator<ICANSubscriber*> >::destroy<ICANSubscriber*>(std::allocator<ICANSubscriber*>&, ICANSubscriber**)
 .text._ZNSt12_Destroy_auxILb1EE9__destroyIP10CANFrameIdEEvT_S4_
                0x00000000080028e2       0x16 Core/BFFT/testCAN.o
                0x00000000080028e2                void std::_Destroy_aux<true>::__destroy<CANFrameId*>(CANFrameId*, CANFrameId*)
 .text._ZNSt12_Destroy_auxILb1EE9__destroyIPP14ICANSubscriberEEvT_S5_
                0x00000000080028f8       0x16 Core/BFFT/testCAN.o
                0x00000000080028f8                void std::_Destroy_aux<true>::__destroy<ICANSubscriber**>(ICANSubscriber**, ICANSubscriber**)
 .text._ZN9__gnu_cxx13new_allocatorI10CANFrameIdE10deallocateEPS1_j
                0x000000000800290e       0x1a Core/BFFT/testCAN.o
                0x000000000800290e                __gnu_cxx::new_allocator<CANFrameId>::deallocate(CANFrameId*, unsigned int)
 .text._ZN9__gnu_cxx13new_allocatorIP14ICANSubscriberE10deallocateEPS2_j
                0x0000000008002928       0x1a Core/BFFT/testCAN.o
                0x0000000008002928                __gnu_cxx::new_allocator<ICANSubscriber*>::deallocate(ICANSubscriber**, unsigned int)
 *fill*         0x0000000008002942        0x2 
 .text._ZNSt6vectorI10CANFrameIdSaIS0_EE11_S_max_sizeERKS1_
                0x0000000008002944       0x38 Core/BFFT/testCAN.o
                0x0000000008002944                std::vector<CANFrameId, std::allocator<CANFrameId> >::_S_max_size(std::allocator<CANFrameId> const&)
 .text._ZNKSt12_Vector_baseI10CANFrameIdSaIS0_EE19_M_get_Tp_allocatorEv
                0x000000000800297c       0x16 Core/BFFT/testCAN.o
                0x000000000800297c                std::_Vector_base<CANFrameId, std::allocator<CANFrameId> >::_M_get_Tp_allocator() const
 .text._ZN9__gnu_cxx13new_allocatorI10CANFrameIdE8allocateEjPKv
                0x0000000008002992       0x42 Core/BFFT/testCAN.o
                0x0000000008002992                __gnu_cxx::new_allocator<CANFrameId>::allocate(unsigned int, void const*)
 .text._ZSt12__relocate_aIP10CANFrameIdS1_SaIS0_EET0_T_S4_S3_RT1_
                0x00000000080029d4       0x3a Core/BFFT/testCAN.o
                0x00000000080029d4                CANFrameId* std::__relocate_a<CANFrameId*, CANFrameId*, std::allocator<CANFrameId> >(CANFrameId*, CANFrameId*, CANFrameId*, std::allocator<CANFrameId>&)
 .text._ZNSt13move_iteratorIP10CANFrameIdEC2ES1_
                0x0000000008002a0e       0x1e Core/BFFT/testCAN.o
                0x0000000008002a0e                std::move_iterator<CANFrameId*>::move_iterator(CANFrameId*)
                0x0000000008002a0e                std::move_iterator<CANFrameId*>::move_iterator(CANFrameId*)
 .text._ZSt18uninitialized_copyISt13move_iteratorIP10CANFrameIdES2_ET0_T_S5_S4_
                0x0000000008002a2c       0x24 Core/BFFT/testCAN.o
                0x0000000008002a2c                CANFrameId* std::uninitialized_copy<std::move_iterator<CANFrameId*>, CANFrameId*>(std::move_iterator<CANFrameId*>, std::move_iterator<CANFrameId*>, CANFrameId*)
 .text._ZNKSt6vectorIP14ICANSubscriberSaIS1_EE8max_sizeEv
                0x0000000008002a50       0x22 Core/BFFT/testCAN.o
                0x0000000008002a50                std::vector<ICANSubscriber*, std::allocator<ICANSubscriber*> >::max_size() const
 .text._ZNKSt6vectorIP14ICANSubscriberSaIS1_EE4sizeEv
                0x0000000008002a72       0x20 Core/BFFT/testCAN.o
                0x0000000008002a72                std::vector<ICANSubscriber*, std::allocator<ICANSubscriber*> >::size() const
 .text._ZNSt16allocator_traitsISaIP14ICANSubscriberEE8allocateERS2_j
                0x0000000008002a92       0x1e Core/BFFT/testCAN.o
                0x0000000008002a92                std::allocator_traits<std::allocator<ICANSubscriber*> >::allocate(std::allocator<ICANSubscriber*>&, unsigned int)
 .text._ZNSt6vectorIP14ICANSubscriberSaIS1_EE14_S_do_relocateEPS1_S4_S4_RS2_St17integral_constantIbLb1EE
                0x0000000008002ab0       0x24 Core/BFFT/testCAN.o
                0x0000000008002ab0                std::vector<ICANSubscriber*, std::allocator<ICANSubscriber*> >::_S_do_relocate(ICANSubscriber**, ICANSubscriber**, ICANSubscriber**, std::allocator<ICANSubscriber*>&, std::integral_constant<bool, true>)
 .text._ZSt32__make_move_if_noexcept_iteratorIP14ICANSubscriberSt13move_iteratorIPS1_EET0_PT_
                0x0000000008002ad4       0x1e Core/BFFT/testCAN.o
                0x0000000008002ad4                std::move_iterator<ICANSubscriber**> std::__make_move_if_noexcept_iterator<ICANSubscriber*, std::move_iterator<ICANSubscriber**> >(ICANSubscriber**)
 .text._ZSt22__uninitialized_copy_aISt13move_iteratorIPP14ICANSubscriberES3_S2_ET0_T_S6_S5_RSaIT1_E
                0x0000000008002af2       0x22 Core/BFFT/testCAN.o
                0x0000000008002af2                ICANSubscriber** std::__uninitialized_copy_a<std::move_iterator<ICANSubscriber**>, ICANSubscriber**, ICANSubscriber*>(std::move_iterator<ICANSubscriber**>, std::move_iterator<ICANSubscriber**>, ICANSubscriber**, std::allocator<ICANSubscriber*>&)
 .text._ZN9__gnu_cxx13new_allocatorIP14ICANSubscriberE7destroyIS2_EEvPT_
                0x0000000008002b14       0x16 Core/BFFT/testCAN.o
                0x0000000008002b14                void __gnu_cxx::new_allocator<ICANSubscriber*>::destroy<ICANSubscriber*>(ICANSubscriber**)
 .text._ZNSt16allocator_traitsISaI10CANFrameIdEE8max_sizeERKS1_
                0x0000000008002b2a       0x18 Core/BFFT/testCAN.o
                0x0000000008002b2a                std::allocator_traits<std::allocator<CANFrameId> >::max_size(std::allocator<CANFrameId> const&)
 .text._ZSt3minIjERKT_S2_S2_
                0x0000000008002b42       0x28 Core/BFFT/testCAN.o
                0x0000000008002b42                unsigned int const& std::min<unsigned int>(unsigned int const&, unsigned int const&)
 *fill*         0x0000000008002b6a        0x2 
 .text._ZNK9__gnu_cxx13new_allocatorI10CANFrameIdE8max_sizeEv
                0x0000000008002b6c       0x1c Core/BFFT/testCAN.o
                0x0000000008002b6c                __gnu_cxx::new_allocator<CANFrameId>::max_size() const
 .text._ZSt12__niter_baseIP10CANFrameIdET_S2_
                0x0000000008002b88       0x16 Core/BFFT/testCAN.o
                0x0000000008002b88                CANFrameId* std::__niter_base<CANFrameId*>(CANFrameId*)
 .text._ZSt14__relocate_a_1IP10CANFrameIdS1_SaIS0_EET0_T_S4_S3_RT1_
                0x0000000008002b9e       0x4c Core/BFFT/testCAN.o
                0x0000000008002b9e                CANFrameId* std::__relocate_a_1<CANFrameId*, CANFrameId*, std::allocator<CANFrameId> >(CANFrameId*, CANFrameId*, CANFrameId*, std::allocator<CANFrameId>&)
 .text._ZNSt20__uninitialized_copyILb0EE13__uninit_copyISt13move_iteratorIP10CANFrameIdES4_EET0_T_S7_S6_
                0x0000000008002bea       0x7c Core/BFFT/testCAN.o
                0x0000000008002bea                CANFrameId* std::__uninitialized_copy<false>::__uninit_copy<std::move_iterator<CANFrameId*>, CANFrameId*>(std::move_iterator<CANFrameId*>, std::move_iterator<CANFrameId*>, CANFrameId*)
 .text._ZNSt6vectorIP14ICANSubscriberSaIS1_EE11_S_max_sizeERKS2_
                0x0000000008002c66       0x34 Core/BFFT/testCAN.o
                0x0000000008002c66                std::vector<ICANSubscriber*, std::allocator<ICANSubscriber*> >::_S_max_size(std::allocator<ICANSubscriber*> const&)
 .text._ZNKSt12_Vector_baseIP14ICANSubscriberSaIS1_EE19_M_get_Tp_allocatorEv
                0x0000000008002c9a       0x16 Core/BFFT/testCAN.o
                0x0000000008002c9a                std::_Vector_base<ICANSubscriber*, std::allocator<ICANSubscriber*> >::_M_get_Tp_allocator() const
 .text._ZN9__gnu_cxx13new_allocatorIP14ICANSubscriberE8allocateEjPKv
                0x0000000008002cb0       0x3c Core/BFFT/testCAN.o
                0x0000000008002cb0                __gnu_cxx::new_allocator<ICANSubscriber*>::allocate(unsigned int, void const*)
 .text._ZSt12__relocate_aIPP14ICANSubscriberS2_SaIS1_EET0_T_S5_S4_RT1_
                0x0000000008002cec       0x3a Core/BFFT/testCAN.o
                0x0000000008002cec                ICANSubscriber** std::__relocate_a<ICANSubscriber**, ICANSubscriber**, std::allocator<ICANSubscriber*> >(ICANSubscriber**, ICANSubscriber**, ICANSubscriber**, std::allocator<ICANSubscriber*>&)
 .text._ZNSt13move_iteratorIPP14ICANSubscriberEC2ES2_
                0x0000000008002d26       0x1e Core/BFFT/testCAN.o
                0x0000000008002d26                std::move_iterator<ICANSubscriber**>::move_iterator(ICANSubscriber**)
                0x0000000008002d26                std::move_iterator<ICANSubscriber**>::move_iterator(ICANSubscriber**)
 .text._ZSt18uninitialized_copyISt13move_iteratorIPP14ICANSubscriberES3_ET0_T_S6_S5_
                0x0000000008002d44       0x24 Core/BFFT/testCAN.o
                0x0000000008002d44                ICANSubscriber** std::uninitialized_copy<std::move_iterator<ICANSubscriber**>, ICANSubscriber**>(std::move_iterator<ICANSubscriber**>, std::move_iterator<ICANSubscriber**>, ICANSubscriber**)
 .text._ZSt11__addressofI10CANFrameIdEPT_RS1_
                0x0000000008002d68       0x16 Core/BFFT/testCAN.o
                0x0000000008002d68                CANFrameId* std::__addressof<CANFrameId>(CANFrameId&)
 .text._ZSt19__relocate_object_aI10CANFrameIdS0_SaIS0_EEvPT_PT0_RT1_
                0x0000000008002d7e       0x36 Core/BFFT/testCAN.o
                0x0000000008002d7e                void std::__relocate_object_a<CANFrameId, CANFrameId, std::allocator<CANFrameId> >(CANFrameId*, CANFrameId*, std::allocator<CANFrameId>&)
 .text._ZStneIP10CANFrameIdEbRKSt13move_iteratorIT_ES6_
                0x0000000008002db4       0x22 Core/BFFT/testCAN.o
                0x0000000008002db4                bool std::operator!=<CANFrameId*>(std::move_iterator<CANFrameId*> const&, std::move_iterator<CANFrameId*> const&)
 .text._ZNSt13move_iteratorIP10CANFrameIdEppEv
                0x0000000008002dd6       0x22 Core/BFFT/testCAN.o
                0x0000000008002dd6                std::move_iterator<CANFrameId*>::operator++()
 .text._ZNKSt13move_iteratorIP10CANFrameIdEdeEv
                0x0000000008002df8       0x18 Core/BFFT/testCAN.o
                0x0000000008002df8                std::move_iterator<CANFrameId*>::operator*() const
 .text._ZSt10_ConstructI10CANFrameIdJS0_EEvPT_DpOT0_
                0x0000000008002e10       0x2e Core/BFFT/testCAN.o
                0x0000000008002e10                void std::_Construct<CANFrameId, CANFrameId>(CANFrameId*, CANFrameId&&)
 .text._ZNSt16allocator_traitsISaIP14ICANSubscriberEE8max_sizeERKS2_
                0x0000000008002e3e       0x18 Core/BFFT/testCAN.o
                0x0000000008002e3e                std::allocator_traits<std::allocator<ICANSubscriber*> >::max_size(std::allocator<ICANSubscriber*> const&)
 .text._ZNK9__gnu_cxx13new_allocatorIP14ICANSubscriberE8max_sizeEv
                0x0000000008002e56       0x18 Core/BFFT/testCAN.o
                0x0000000008002e56                __gnu_cxx::new_allocator<ICANSubscriber*>::max_size() const
 .text._ZSt12__niter_baseIPP14ICANSubscriberET_S3_
                0x0000000008002e6e       0x16 Core/BFFT/testCAN.o
                0x0000000008002e6e                ICANSubscriber** std::__niter_base<ICANSubscriber**>(ICANSubscriber**)
 .text._ZSt14__relocate_a_1IP14ICANSubscriberS1_ENSt9enable_ifIXsrSt24__is_bitwise_relocatableIT_vE5valueEPS4_E4typeES6_S6_S6_RSaIT0_E
                0x0000000008002e84       0x3c Core/BFFT/testCAN.o
                0x0000000008002e84                std::enable_if<std::__is_bitwise_relocatable<ICANSubscriber*, void>::value, ICANSubscriber**>::type std::__relocate_a_1<ICANSubscriber*, ICANSubscriber*>(ICANSubscriber**, ICANSubscriber**, ICANSubscriber**, std::allocator<ICANSubscriber*>&)
 .text._ZNSt20__uninitialized_copyILb1EE13__uninit_copyISt13move_iteratorIPP14ICANSubscriberES5_EET0_T_S8_S7_
                0x0000000008002ec0       0x20 Core/BFFT/testCAN.o
                0x0000000008002ec0                ICANSubscriber** std::__uninitialized_copy<true>::__uninit_copy<std::move_iterator<ICANSubscriber**>, ICANSubscriber**>(std::move_iterator<ICANSubscriber**>, std::move_iterator<ICANSubscriber**>, ICANSubscriber**)
 .text._ZSt4moveIR10CANFrameIdEONSt16remove_referenceIT_E4typeEOS3_
                0x0000000008002ee0       0x16 Core/BFFT/testCAN.o
                0x0000000008002ee0                std::remove_reference<CANFrameId&>::type&& std::move<CANFrameId&>(CANFrameId&)
 .text._ZNSt16allocator_traitsISaI10CANFrameIdEE9constructIS0_JS0_EEEvRS1_PT_DpOT0_
                0x0000000008002ef6       0x26 Core/BFFT/testCAN.o
                0x0000000008002ef6                void std::allocator_traits<std::allocator<CANFrameId> >::construct<CANFrameId, CANFrameId>(std::allocator<CANFrameId>&, CANFrameId*, CANFrameId&&)
 .text._ZSteqIP10CANFrameIdEbRKSt13move_iteratorIT_ES6_
                0x0000000008002f1c       0x2c Core/BFFT/testCAN.o
                0x0000000008002f1c                bool std::operator==<CANFrameId*>(std::move_iterator<CANFrameId*> const&, std::move_iterator<CANFrameId*> const&)
 .text._ZSt7forwardI10CANFrameIdEOT_RNSt16remove_referenceIS1_E4typeE
                0x0000000008002f48       0x16 Core/BFFT/testCAN.o
                0x0000000008002f48                CANFrameId&& std::forward<CANFrameId>(std::remove_reference<CANFrameId>::type&)
 .text._ZSt4copyISt13move_iteratorIPP14ICANSubscriberES3_ET0_T_S6_S5_
                0x0000000008002f5e       0x30 Core/BFFT/testCAN.o
                0x0000000008002f5e                ICANSubscriber** std::copy<std::move_iterator<ICANSubscriber**>, ICANSubscriber**>(std::move_iterator<ICANSubscriber**>, std::move_iterator<ICANSubscriber**>, ICANSubscriber**)
 .text._ZN9__gnu_cxx13new_allocatorI10CANFrameIdE9constructIS1_JS1_EEEvPT_DpOT0_
                0x0000000008002f8e       0x30 Core/BFFT/testCAN.o
                0x0000000008002f8e                void __gnu_cxx::new_allocator<CANFrameId>::construct<CANFrameId, CANFrameId>(CANFrameId*, CANFrameId&&)
 .text._ZNKSt13move_iteratorIP10CANFrameIdE4baseEv
                0x0000000008002fbe       0x18 Core/BFFT/testCAN.o
                0x0000000008002fbe                std::move_iterator<CANFrameId*>::base() const
 .text._ZSt12__miter_baseIPP14ICANSubscriberEDTcl12__miter_basecldtfp_4baseEEESt13move_iteratorIT_E
                0x0000000008002fd6       0x22 Core/BFFT/testCAN.o
                0x0000000008002fd6                decltype (__miter_base(({parm#1}.base)())) std::__miter_base<ICANSubscriber**>(std::move_iterator<ICANSubscriber**>)
 .text._ZSt14__copy_move_a2ILb1EPP14ICANSubscriberS2_ET1_T0_S4_S3_
                0x0000000008002ff8       0x46 Core/BFFT/testCAN.o
                0x0000000008002ff8                ICANSubscriber** std::__copy_move_a2<true, ICANSubscriber**, ICANSubscriber**>(ICANSubscriber**, ICANSubscriber**, ICANSubscriber**)
 .text._ZNKSt13move_iteratorIPP14ICANSubscriberE4baseEv
                0x000000000800303e       0x18 Core/BFFT/testCAN.o
                0x000000000800303e                std::move_iterator<ICANSubscriber**>::base() const
 .text._ZSt12__miter_baseIPP14ICANSubscriberET_S3_
                0x0000000008003056       0x16 Core/BFFT/testCAN.o
                0x0000000008003056                ICANSubscriber** std::__miter_base<ICANSubscriber**>(ICANSubscriber**)
 .text._ZSt13__copy_move_aILb1EPP14ICANSubscriberS2_ET1_T0_S4_S3_
                0x000000000800306c       0x24 Core/BFFT/testCAN.o
                0x000000000800306c                ICANSubscriber** std::__copy_move_a<true, ICANSubscriber**, ICANSubscriber**>(ICANSubscriber**, ICANSubscriber**, ICANSubscriber**)
 .text._ZSt12__niter_wrapIPP14ICANSubscriberET_RKS3_S3_
                0x0000000008003090       0x18 Core/BFFT/testCAN.o
                0x0000000008003090                ICANSubscriber** std::__niter_wrap<ICANSubscriber**>(ICANSubscriber** const&, ICANSubscriber**)
 .text._ZNSt11__copy_moveILb1ELb1ESt26random_access_iterator_tagE8__copy_mIP14ICANSubscriberEEPT_PKS5_S8_S6_
                0x00000000080030a8       0x3a Core/BFFT/testCAN.o
                0x00000000080030a8                ICANSubscriber** std::__copy_move<true, true, std::random_access_iterator_tag>::__copy_m<ICANSubscriber*>(ICANSubscriber* const*, ICANSubscriber* const*, ICANSubscriber**)
 *fill*         0x00000000080030e2        0x2 
 .text._Z41__static_initialization_and_destruction_0ii
                0x00000000080030e4       0xc4 Core/BFFT/testCAN.o
 .text._GLOBAL__sub_I_canController1
                0x00000000080031a8       0x10 Core/BFFT/testCAN.o
 .text._GLOBAL__sub_D_canController1
                0x00000000080031b8       0x10 Core/BFFT/testCAN.o
 .text._ZN14ICANControllerC2Ev
                0x00000000080031c8       0x20 Core/BFFT/middleware_layer/can/CANController.o
                0x00000000080031c8                ICANController::ICANController()
                0x00000000080031c8                ICANController::ICANController()
 .text._ZNSt12_Vector_baseI10CANFrameIdSaIS0_EEC2Ev
                0x00000000080031e8       0x1a Core/BFFT/middleware_layer/can/CANController.o
                0x00000000080031e8                std::_Vector_base<CANFrameId, std::allocator<CANFrameId> >::_Vector_base()
                0x00000000080031e8                std::_Vector_base<CANFrameId, std::allocator<CANFrameId> >::_Vector_base()
 .text._ZNSt6vectorI10CANFrameIdSaIS0_EEC2Ev
                0x0000000008003202       0x1a Core/BFFT/middleware_layer/can/CANController.o
                0x0000000008003202                std::vector<CANFrameId, std::allocator<CANFrameId> >::vector()
                0x0000000008003202                std::vector<CANFrameId, std::allocator<CANFrameId> >::vector()
 .text._ZNSt12_Vector_baseIP14ICANSubscriberSaIS1_EEC2Ev
                0x000000000800321c       0x1a Core/BFFT/middleware_layer/can/CANController.o
                0x000000000800321c                std::_Vector_base<ICANSubscriber*, std::allocator<ICANSubscriber*> >::_Vector_base()
                0x000000000800321c                std::_Vector_base<ICANSubscriber*, std::allocator<ICANSubscriber*> >::_Vector_base()
 .text._ZNSt6vectorIP14ICANSubscriberSaIS1_EEC2Ev
                0x0000000008003236       0x1a Core/BFFT/middleware_layer/can/CANController.o
                0x0000000008003236                std::vector<ICANSubscriber*, std::allocator<ICANSubscriber*> >::vector()
                0x0000000008003236                std::vector<ICANSubscriber*, std::allocator<ICANSubscriber*> >::vector()
 .text._ZN17CANControllerBaseC2Ev
                0x0000000008003250       0x38 Core/BFFT/middleware_layer/can/CANController.o
                0x0000000008003250                CANControllerBase::CANControllerBase()
                0x0000000008003250                CANControllerBase::CANControllerBase()
 .text._ZN13CANControllerC2ER19__CAN_HandleTypeDef
                0x0000000008003288       0x2c Core/BFFT/middleware_layer/can/CANController.o
                0x0000000008003288                CANController::CANController(__CAN_HandleTypeDef&)
                0x0000000008003288                CANController::CANController(__CAN_HandleTypeDef&)
 .text._ZN13CANController4sendE8CANFrame
                0x00000000080032b4      0x128 Core/BFFT/middleware_layer/can/CANController.o
                0x00000000080032b4                CANController::send(CANFrame)
 .text._ZN13CANController5startEv
                0x00000000080033dc       0x48 Core/BFFT/middleware_layer/can/CANController.o
                0x00000000080033dc                CANController::start()
 .text._ZN13CANController17activateInterruptEv
                0x0000000008003424       0x7c Core/BFFT/middleware_layer/can/CANController.o
                0x0000000008003424                CANController::activateInterrupt()
 .text._ZNSt12_Vector_baseI10CANFrameIdSaIS0_EE12_Vector_implC2Ev
                0x00000000080034a0       0x20 Core/BFFT/middleware_layer/can/CANController.o
                0x00000000080034a0                std::_Vector_base<CANFrameId, std::allocator<CANFrameId> >::_Vector_impl::_Vector_impl()
                0x00000000080034a0                std::_Vector_base<CANFrameId, std::allocator<CANFrameId> >::_Vector_impl::_Vector_impl()
 .text._ZNSt12_Vector_baseIP14ICANSubscriberSaIS1_EE12_Vector_implC2Ev
                0x00000000080034c0       0x20 Core/BFFT/middleware_layer/can/CANController.o
                0x00000000080034c0                std::_Vector_base<ICANSubscriber*, std::allocator<ICANSubscriber*> >::_Vector_impl::_Vector_impl()
                0x00000000080034c0                std::_Vector_base<ICANSubscriber*, std::allocator<ICANSubscriber*> >::_Vector_impl::_Vector_impl()
 .text._ZNSaI10CANFrameIdEC2Ev
                0x00000000080034e0       0x18 Core/BFFT/middleware_layer/can/CANController.o
                0x00000000080034e0                std::allocator<CANFrameId>::allocator()
                0x00000000080034e0                std::allocator<CANFrameId>::allocator()
 .text._ZNSt12_Vector_baseI10CANFrameIdSaIS0_EE17_Vector_impl_dataC2Ev
                0x00000000080034f8       0x28 Core/BFFT/middleware_layer/can/CANController.o
                0x00000000080034f8                std::_Vector_base<CANFrameId, std::allocator<CANFrameId> >::_Vector_impl_data::_Vector_impl_data()
                0x00000000080034f8                std::_Vector_base<CANFrameId, std::allocator<CANFrameId> >::_Vector_impl_data::_Vector_impl_data()
 .text._ZNSaIP14ICANSubscriberEC2Ev
                0x0000000008003520       0x18 Core/BFFT/middleware_layer/can/CANController.o
                0x0000000008003520                std::allocator<ICANSubscriber*>::allocator()
                0x0000000008003520                std::allocator<ICANSubscriber*>::allocator()
 .text._ZNSt12_Vector_baseIP14ICANSubscriberSaIS1_EE17_Vector_impl_dataC2Ev
                0x0000000008003538       0x28 Core/BFFT/middleware_layer/can/CANController.o
                0x0000000008003538                std::_Vector_base<ICANSubscriber*, std::allocator<ICANSubscriber*> >::_Vector_impl_data::_Vector_impl_data()
                0x0000000008003538                std::_Vector_base<ICANSubscriber*, std::allocator<ICANSubscriber*> >::_Vector_impl_data::_Vector_impl_data()
 .text._ZN9__gnu_cxx13new_allocatorI10CANFrameIdEC2Ev
                0x0000000008003560       0x16 Core/BFFT/middleware_layer/can/CANController.o
                0x0000000008003560                __gnu_cxx::new_allocator<CANFrameId>::new_allocator()
                0x0000000008003560                __gnu_cxx::new_allocator<CANFrameId>::new_allocator()
 .text._ZN9__gnu_cxx13new_allocatorIP14ICANSubscriberEC2Ev
                0x0000000008003576       0x16 Core/BFFT/middleware_layer/can/CANController.o
                0x0000000008003576                __gnu_cxx::new_allocator<ICANSubscriber*>::new_allocator()
                0x0000000008003576                __gnu_cxx::new_allocator<ICANSubscriber*>::new_allocator()
 .text._ZN8CANFrameC2E10CANFrameId10CANPayload
                0x000000000800358c       0x68 Core/BFFT/middleware_layer/can/CANFrame.o
                0x000000000800358c                CANFrame::CANFrame(CANFrameId, CANPayload)
                0x000000000800358c                CANFrame::CANFrame(CANFrameId, CANPayload)
 .text._ZN10CANFrameIdC2Emmb
                0x00000000080035f4       0xb0 Core/BFFT/middleware_layer/can/CANFrameId.o
                0x00000000080035f4                CANFrameId::CANFrameId(unsigned long, unsigned long, bool)
                0x00000000080035f4                CANFrameId::CANFrameId(unsigned long, unsigned long, bool)
 .text._ZN10CANFrameIdC2Em
                0x00000000080036a4       0x20 Core/BFFT/middleware_layer/can/CANFrameId.o
                0x00000000080036a4                CANFrameId::CANFrameId(unsigned long)
                0x00000000080036a4                CANFrameId::CANFrameId(unsigned long)
 .text._ZNK10CANFrameIdeqERKS_
                0x00000000080036c4       0x40 Core/BFFT/middleware_layer/can/CANFrameId.o
                0x00000000080036c4                CANFrameId::operator==(CANFrameId const&) const
 .text._ZNK10CANPayload7isValidEv
                0x0000000008003704       0x72 Core/BFFT/middleware_layer/can/CANPayload.o
                0x0000000008003704                CANPayload::isValid() const
 *fill*         0x0000000008003776        0x2 
 .text.MX_CAN1_Init
                0x0000000008003778       0x6c Core/Src/can.o
                0x0000000008003778                MX_CAN1_Init
 .text.HAL_CAN_MspInit
                0x00000000080037e4       0xf4 Core/Src/can.o
                0x00000000080037e4                HAL_CAN_MspInit
 .text.vApplicationIdleHook
                0x00000000080038d8        0xe Core/Src/freertos.o
                0x00000000080038d8                vApplicationIdleHook
 .text.vApplicationTickHook
                0x00000000080038e6        0xe Core/Src/freertos.o
                0x00000000080038e6                vApplicationTickHook
 .text.vApplicationStackOverflowHook
                0x00000000080038f4       0x16 Core/Src/freertos.o
                0x00000000080038f4                vApplicationStackOverflowHook
 .text.vApplicationMallocFailedHook
                0x000000000800390a        0xe Core/Src/freertos.o
                0x000000000800390a                vApplicationMallocFailedHook
 .text.MX_FREERTOS_Init
                0x0000000008003918       0x40 Core/Src/freertos.o
                0x0000000008003918                MX_FREERTOS_Init
 .text.StartDefaultTask
                0x0000000008003958       0x28 Core/Src/freertos.o
                0x0000000008003958                StartDefaultTask
 .text.vThreadSystemAlive
                0x0000000008003980       0x30 Core/Src/freertos.o
                0x0000000008003980                vThreadSystemAlive
 .text.MX_GPIO_Init
                0x00000000080039b0      0x208 Core/Src/gpio.o
                0x00000000080039b0                MX_GPIO_Init
 .text.main     0x0000000008003bb8       0x26 Core/Src/main.o
                0x0000000008003bb8                main
 *fill*         0x0000000008003bde        0x2 
 .text.SystemClock_Config
                0x0000000008003be0      0x118 Core/Src/main.o
                0x0000000008003be0                SystemClock_Config
 .text.HAL_TIM_PeriodElapsedCallback
                0x0000000008003cf8       0x24 Core/Src/main.o
                0x0000000008003cf8                HAL_TIM_PeriodElapsedCallback
 .text.Error_Handler
                0x0000000008003d1c        0x6 Core/Src/main.o
                0x0000000008003d1c                Error_Handler
 *fill*         0x0000000008003d22        0x2 
 .text.HAL_MspInit
                0x0000000008003d24       0x50 Core/Src/stm32f7xx_hal_msp.o
                0x0000000008003d24                HAL_MspInit
 .text.HAL_InitTick
                0x0000000008003d74       0xb0 Core/Src/stm32f7xx_hal_timebase_tim.o
                0x0000000008003d74                HAL_InitTick
 .text.NMI_Handler
                0x0000000008003e24        0xe Core/Src/stm32f7xx_it.o
                0x0000000008003e24                NMI_Handler
 .text.HardFault_Handler
                0x0000000008003e32        0x6 Core/Src/stm32f7xx_it.o
                0x0000000008003e32                HardFault_Handler
 .text.MemManage_Handler
                0x0000000008003e38        0x6 Core/Src/stm32f7xx_it.o
                0x0000000008003e38                MemManage_Handler
 .text.BusFault_Handler
                0x0000000008003e3e        0x6 Core/Src/stm32f7xx_it.o
                0x0000000008003e3e                BusFault_Handler
 .text.UsageFault_Handler
                0x0000000008003e44        0x6 Core/Src/stm32f7xx_it.o
                0x0000000008003e44                UsageFault_Handler
 .text.DebugMon_Handler
                0x0000000008003e4a        0xe Core/Src/stm32f7xx_it.o
                0x0000000008003e4a                DebugMon_Handler
 .text.CAN1_TX_IRQHandler
                0x0000000008003e58       0x14 Core/Src/stm32f7xx_it.o
                0x0000000008003e58                CAN1_TX_IRQHandler
 .text.CAN1_RX0_IRQHandler
                0x0000000008003e6c       0x34 Core/Src/stm32f7xx_it.o
                0x0000000008003e6c                CAN1_RX0_IRQHandler
 .text.CAN1_RX1_IRQHandler
                0x0000000008003ea0       0x14 Core/Src/stm32f7xx_it.o
                0x0000000008003ea0                CAN1_RX1_IRQHandler
 .text.CAN1_SCE_IRQHandler
                0x0000000008003eb4       0x14 Core/Src/stm32f7xx_it.o
                0x0000000008003eb4                CAN1_SCE_IRQHandler
 .text.TIM1_UP_TIM10_IRQHandler
                0x0000000008003ec8       0x14 Core/Src/stm32f7xx_it.o
                0x0000000008003ec8                TIM1_UP_TIM10_IRQHandler
 .text._getpid  0x0000000008003edc       0x10 Core/Src/syscalls.o
                0x0000000008003edc                _getpid
 .text._kill    0x0000000008003eec       0x20 Core/Src/syscalls.o
                0x0000000008003eec                _kill
 .text._exit    0x0000000008003f0c       0x14 Core/Src/syscalls.o
                0x0000000008003f0c                _exit
 .text._read    0x0000000008003f20       0x3a Core/Src/syscalls.o
                0x0000000008003f20                _read
 .text._write   0x0000000008003f5a       0x38 Core/Src/syscalls.o
                0x0000000008003f5a                _write
 .text._close   0x0000000008003f92       0x18 Core/Src/syscalls.o
                0x0000000008003f92                _close
 .text._fstat   0x0000000008003faa       0x20 Core/Src/syscalls.o
                0x0000000008003faa                _fstat
 .text._isatty  0x0000000008003fca       0x16 Core/Src/syscalls.o
                0x0000000008003fca                _isatty
 .text._lseek   0x0000000008003fe0       0x1a Core/Src/syscalls.o
                0x0000000008003fe0                _lseek
 *fill*         0x0000000008003ffa        0x2 
 .text.SystemInit
                0x0000000008003ffc       0x2c Core/Src/system_stm32f7xx.o
                0x0000000008003ffc                SystemInit
 .text.MX_USART3_UART_Init
                0x0000000008004028       0x60 Core/Src/usart.o
                0x0000000008004028                MX_USART3_UART_Init
 .text.HAL_UART_MspInit
                0x0000000008004088       0x88 Core/Src/usart.o
                0x0000000008004088                HAL_UART_MspInit
 .text.Reset_Handler
                0x0000000008004110       0x50 Core/Startup/startup_stm32f767zitx.o
                0x0000000008004110                Reset_Handler
 .text.Default_Handler
                0x0000000008004160        0x2 Core/Startup/startup_stm32f767zitx.o
                0x0000000008004160                RTC_Alarm_IRQHandler
                0x0000000008004160                EXTI2_IRQHandler
                0x0000000008004160                TIM8_CC_IRQHandler
                0x0000000008004160                UART8_IRQHandler
                0x0000000008004160                SPI4_IRQHandler
                0x0000000008004160                TIM1_CC_IRQHandler
                0x0000000008004160                DMA2_Stream5_IRQHandler
                0x0000000008004160                JPEG_IRQHandler
                0x0000000008004160                DMA1_Stream5_IRQHandler
                0x0000000008004160                CAN3_RX1_IRQHandler
                0x0000000008004160                PVD_IRQHandler
                0x0000000008004160                TAMP_STAMP_IRQHandler
                0x0000000008004160                CAN2_RX1_IRQHandler
                0x0000000008004160                EXTI3_IRQHandler
                0x0000000008004160                TIM8_TRG_COM_TIM14_IRQHandler
                0x0000000008004160                DFSDM1_FLT1_IRQHandler
                0x0000000008004160                TIM8_UP_TIM13_IRQHandler
                0x0000000008004160                I2C3_ER_IRQHandler
                0x0000000008004160                DFSDM1_FLT2_IRQHandler
                0x0000000008004160                EXTI0_IRQHandler
                0x0000000008004160                I2C2_EV_IRQHandler
                0x0000000008004160                DMA1_Stream2_IRQHandler
                0x0000000008004160                FPU_IRQHandler
                0x0000000008004160                OTG_HS_WKUP_IRQHandler
                0x0000000008004160                CAN3_SCE_IRQHandler
                0x0000000008004160                LTDC_ER_IRQHandler
                0x0000000008004160                CAN2_SCE_IRQHandler
                0x0000000008004160                DMA2_Stream2_IRQHandler
                0x0000000008004160                SPI1_IRQHandler
                0x0000000008004160                TIM6_DAC_IRQHandler
                0x0000000008004160                TIM1_BRK_TIM9_IRQHandler
                0x0000000008004160                DCMI_IRQHandler
                0x0000000008004160                CAN2_RX0_IRQHandler
                0x0000000008004160                DMA2_Stream3_IRQHandler
                0x0000000008004160                SAI2_IRQHandler
                0x0000000008004160                DFSDM1_FLT3_IRQHandler
                0x0000000008004160                USART6_IRQHandler
                0x0000000008004160                CAN3_RX0_IRQHandler
                0x0000000008004160                USART3_IRQHandler
                0x0000000008004160                UART5_IRQHandler
                0x0000000008004160                DMA2_Stream0_IRQHandler
                0x0000000008004160                TIM4_IRQHandler
                0x0000000008004160                QUADSPI_IRQHandler
                0x0000000008004160                I2C1_EV_IRQHandler
                0x0000000008004160                DMA1_Stream6_IRQHandler
                0x0000000008004160                DMA1_Stream1_IRQHandler
                0x0000000008004160                UART4_IRQHandler
                0x0000000008004160                TIM3_IRQHandler
                0x0000000008004160                RCC_IRQHandler
                0x0000000008004160                TIM8_BRK_TIM12_IRQHandler
                0x0000000008004160                Default_Handler
                0x0000000008004160                CEC_IRQHandler
                0x0000000008004160                EXTI15_10_IRQHandler
                0x0000000008004160                ADC_IRQHandler
                0x0000000008004160                DMA1_Stream7_IRQHandler
                0x0000000008004160                SPI5_IRQHandler
                0x0000000008004160                TIM7_IRQHandler
                0x0000000008004160                SDMMC1_IRQHandler
                0x0000000008004160                CAN2_TX_IRQHandler
                0x0000000008004160                TIM5_IRQHandler
                0x0000000008004160                DMA2_Stream7_IRQHandler
                0x0000000008004160                I2C3_EV_IRQHandler
                0x0000000008004160                EXTI9_5_IRQHandler
                0x0000000008004160                RTC_WKUP_IRQHandler
                0x0000000008004160                LTDC_IRQHandler
                0x0000000008004160                ETH_WKUP_IRQHandler
                0x0000000008004160                SPDIF_RX_IRQHandler
                0x0000000008004160                SPI2_IRQHandler
                0x0000000008004160                OTG_HS_EP1_IN_IRQHandler
                0x0000000008004160                DMA1_Stream0_IRQHandler
                0x0000000008004160                EXTI4_IRQHandler
                0x0000000008004160                RNG_IRQHandler
                0x0000000008004160                ETH_IRQHandler
                0x0000000008004160                OTG_HS_EP1_OUT_IRQHandler
                0x0000000008004160                WWDG_IRQHandler
                0x0000000008004160                SPI6_IRQHandler
                0x0000000008004160                MDIOS_IRQHandler
                0x0000000008004160                I2C4_EV_IRQHandler
                0x0000000008004160                CAN3_TX_IRQHandler
                0x0000000008004160                TIM2_IRQHandler
                0x0000000008004160                OTG_FS_WKUP_IRQHandler
                0x0000000008004160                TIM1_TRG_COM_TIM11_IRQHandler
                0x0000000008004160                OTG_HS_IRQHandler
                0x0000000008004160                DMA2D_IRQHandler
                0x0000000008004160                EXTI1_IRQHandler
                0x0000000008004160                SDMMC2_IRQHandler
                0x0000000008004160                UART7_IRQHandler
                0x0000000008004160                USART2_IRQHandler
                0x0000000008004160                DFSDM1_FLT0_IRQHandler
                0x0000000008004160                I2C2_ER_IRQHandler
                0x0000000008004160                DMA2_Stream1_IRQHandler
                0x0000000008004160                FLASH_IRQHandler
                0x0000000008004160                DMA2_Stream4_IRQHandler
                0x0000000008004160                USART1_IRQHandler
                0x0000000008004160                OTG_FS_IRQHandler
                0x0000000008004160                SPI3_IRQHandler
                0x0000000008004160                DMA1_Stream4_IRQHandler
                0x0000000008004160                I2C1_ER_IRQHandler
                0x0000000008004160                FMC_IRQHandler
                0x0000000008004160                LPTIM1_IRQHandler
                0x0000000008004160                I2C4_ER_IRQHandler
                0x0000000008004160                DMA2_Stream6_IRQHandler
                0x0000000008004160                SAI1_IRQHandler
                0x0000000008004160                DMA1_Stream3_IRQHandler
 .text.HAL_Init
                0x0000000008004162       0x1a Drivers/STM32F7xx_HAL_Driver/Src/stm32f7xx_hal.o
                0x0000000008004162                HAL_Init
 .text.HAL_IncTick
                0x000000000800417c       0x28 Drivers/STM32F7xx_HAL_Driver/Src/stm32f7xx_hal.o
                0x000000000800417c                HAL_IncTick
 .text.HAL_GetTick
                0x00000000080041a4       0x18 Drivers/STM32F7xx_HAL_Driver/Src/stm32f7xx_hal.o
                0x00000000080041a4                HAL_GetTick
 .text.HAL_CAN_Init
                0x00000000080041bc      0x1f6 Drivers/STM32F7xx_HAL_Driver/Src/stm32f7xx_hal_can.o
                0x00000000080041bc                HAL_CAN_Init
 *fill*         0x00000000080043b2        0x2 
 .text.HAL_CAN_ConfigFilter
                0x00000000080043b4      0x1d8 Drivers/STM32F7xx_HAL_Driver/Src/stm32f7xx_hal_can.o
                0x00000000080043b4                HAL_CAN_ConfigFilter
 .text.HAL_CAN_Start
                0x000000000800458c       0x88 Drivers/STM32F7xx_HAL_Driver/Src/stm32f7xx_hal_can.o
                0x000000000800458c                HAL_CAN_Start
 .text.HAL_CAN_AddTxMessage
                0x0000000008004614      0x1b6 Drivers/STM32F7xx_HAL_Driver/Src/stm32f7xx_hal_can.o
                0x0000000008004614                HAL_CAN_AddTxMessage
 .text.HAL_CAN_GetTxMailboxesFreeLevel
                0x00000000080047ca       0x6a Drivers/STM32F7xx_HAL_Driver/Src/stm32f7xx_hal_can.o
                0x00000000080047ca                HAL_CAN_GetTxMailboxesFreeLevel
 .text.HAL_CAN_IsTxMessagePending
                0x0000000008004834       0x48 Drivers/STM32F7xx_HAL_Driver/Src/stm32f7xx_hal_can.o
                0x0000000008004834                HAL_CAN_IsTxMessagePending
 .text.HAL_CAN_GetRxMessage
                0x000000000800487c      0x224 Drivers/STM32F7xx_HAL_Driver/Src/stm32f7xx_hal_can.o
                0x000000000800487c                HAL_CAN_GetRxMessage
 .text.HAL_CAN_ActivateNotification
                0x0000000008004aa0       0x4c Drivers/STM32F7xx_HAL_Driver/Src/stm32f7xx_hal_can.o
                0x0000000008004aa0                HAL_CAN_ActivateNotification
 .text.HAL_CAN_IRQHandler
                0x0000000008004aec      0x36e Drivers/STM32F7xx_HAL_Driver/Src/stm32f7xx_hal_can.o
                0x0000000008004aec                HAL_CAN_IRQHandler
 .text.HAL_CAN_TxMailbox0CompleteCallback
                0x0000000008004e5a       0x14 Drivers/STM32F7xx_HAL_Driver/Src/stm32f7xx_hal_can.o
                0x0000000008004e5a                HAL_CAN_TxMailbox0CompleteCallback
 .text.HAL_CAN_TxMailbox1CompleteCallback
                0x0000000008004e6e       0x14 Drivers/STM32F7xx_HAL_Driver/Src/stm32f7xx_hal_can.o
                0x0000000008004e6e                HAL_CAN_TxMailbox1CompleteCallback
 .text.HAL_CAN_TxMailbox2CompleteCallback
                0x0000000008004e82       0x14 Drivers/STM32F7xx_HAL_Driver/Src/stm32f7xx_hal_can.o
                0x0000000008004e82                HAL_CAN_TxMailbox2CompleteCallback
 .text.HAL_CAN_TxMailbox0AbortCallback
                0x0000000008004e96       0x14 Drivers/STM32F7xx_HAL_Driver/Src/stm32f7xx_hal_can.o
                0x0000000008004e96                HAL_CAN_TxMailbox0AbortCallback
 .text.HAL_CAN_TxMailbox1AbortCallback
                0x0000000008004eaa       0x14 Drivers/STM32F7xx_HAL_Driver/Src/stm32f7xx_hal_can.o
                0x0000000008004eaa                HAL_CAN_TxMailbox1AbortCallback
 .text.HAL_CAN_TxMailbox2AbortCallback
                0x0000000008004ebe       0x14 Drivers/STM32F7xx_HAL_Driver/Src/stm32f7xx_hal_can.o
                0x0000000008004ebe                HAL_CAN_TxMailbox2AbortCallback
 .text.HAL_CAN_RxFifo0MsgPendingCallback
                0x0000000008004ed2       0x14 Drivers/STM32F7xx_HAL_Driver/Src/stm32f7xx_hal_can.o
                0x0000000008004ed2                HAL_CAN_RxFifo0MsgPendingCallback
 .text.HAL_CAN_RxFifo0FullCallback
                0x0000000008004ee6       0x14 Drivers/STM32F7xx_HAL_Driver/Src/stm32f7xx_hal_can.o
                0x0000000008004ee6                HAL_CAN_RxFifo0FullCallback
 .text.HAL_CAN_RxFifo1MsgPendingCallback
                0x0000000008004efa       0x14 Drivers/STM32F7xx_HAL_Driver/Src/stm32f7xx_hal_can.o
                0x0000000008004efa                HAL_CAN_RxFifo1MsgPendingCallback
 .text.HAL_CAN_RxFifo1FullCallback
                0x0000000008004f0e       0x14 Drivers/STM32F7xx_HAL_Driver/Src/stm32f7xx_hal_can.o
                0x0000000008004f0e                HAL_CAN_RxFifo1FullCallback
 .text.HAL_CAN_SleepCallback
                0x0000000008004f22       0x14 Drivers/STM32F7xx_HAL_Driver/Src/stm32f7xx_hal_can.o
                0x0000000008004f22                HAL_CAN_SleepCallback
 .text.HAL_CAN_WakeUpFromRxMsgCallback
                0x0000000008004f36       0x14 Drivers/STM32F7xx_HAL_Driver/Src/stm32f7xx_hal_can.o
                0x0000000008004f36                HAL_CAN_WakeUpFromRxMsgCallback
 .text.HAL_CAN_ErrorCallback
                0x0000000008004f4a       0x14 Drivers/STM32F7xx_HAL_Driver/Src/stm32f7xx_hal_can.o
                0x0000000008004f4a                HAL_CAN_ErrorCallback
 *fill*         0x0000000008004f5e        0x2 
 .text.__NVIC_SetPriorityGrouping
                0x0000000008004f60       0x48 Drivers/STM32F7xx_HAL_Driver/Src/stm32f7xx_hal_cortex.o
 .text.__NVIC_GetPriorityGrouping
                0x0000000008004fa8       0x1c Drivers/STM32F7xx_HAL_Driver/Src/stm32f7xx_hal_cortex.o
 .text.__NVIC_EnableIRQ
                0x0000000008004fc4       0x3c Drivers/STM32F7xx_HAL_Driver/Src/stm32f7xx_hal_cortex.o
 .text.__NVIC_SetPriority
                0x0000000008005000       0x54 Drivers/STM32F7xx_HAL_Driver/Src/stm32f7xx_hal_cortex.o
 .text.NVIC_EncodePriority
                0x0000000008005054       0x66 Drivers/STM32F7xx_HAL_Driver/Src/stm32f7xx_hal_cortex.o
 .text.HAL_NVIC_SetPriorityGrouping
                0x00000000080050ba       0x16 Drivers/STM32F7xx_HAL_Driver/Src/stm32f7xx_hal_cortex.o
                0x00000000080050ba                HAL_NVIC_SetPriorityGrouping
 .text.HAL_NVIC_SetPriority
                0x00000000080050d0       0x38 Drivers/STM32F7xx_HAL_Driver/Src/stm32f7xx_hal_cortex.o
                0x00000000080050d0                HAL_NVIC_SetPriority
 .text.HAL_NVIC_EnableIRQ
                0x0000000008005108       0x1c Drivers/STM32F7xx_HAL_Driver/Src/stm32f7xx_hal_cortex.o
                0x0000000008005108                HAL_NVIC_EnableIRQ
 .text.HAL_GPIO_Init
                0x0000000008005124      0x358 Drivers/STM32F7xx_HAL_Driver/Src/stm32f7xx_hal_gpio.o
                0x0000000008005124                HAL_GPIO_Init
 .text.HAL_GPIO_ReadPin
                0x000000000800547c       0x30 Drivers/STM32F7xx_HAL_Driver/Src/stm32f7xx_hal_gpio.o
                0x000000000800547c                HAL_GPIO_ReadPin
 .text.HAL_GPIO_WritePin
                0x00000000080054ac       0x32 Drivers/STM32F7xx_HAL_Driver/Src/stm32f7xx_hal_gpio.o
                0x00000000080054ac                HAL_GPIO_WritePin
 .text.HAL_GPIO_TogglePin
                0x00000000080054de       0x34 Drivers/STM32F7xx_HAL_Driver/Src/stm32f7xx_hal_gpio.o
                0x00000000080054de                HAL_GPIO_TogglePin
 *fill*         0x0000000008005512        0x2 
 .text.HAL_PWR_EnableBkUpAccess
                0x0000000008005514       0x20 Drivers/STM32F7xx_HAL_Driver/Src/stm32f7xx_hal_pwr.o
                0x0000000008005514                HAL_PWR_EnableBkUpAccess
 .text.HAL_RCC_OscConfig
                0x0000000008005534      0x55c Drivers/STM32F7xx_HAL_Driver/Src/stm32f7xx_hal_rcc.o
                0x0000000008005534                HAL_RCC_OscConfig
 .text.HAL_RCC_ClockConfig
                0x0000000008005a90      0x1d8 Drivers/STM32F7xx_HAL_Driver/Src/stm32f7xx_hal_rcc.o
                0x0000000008005a90                HAL_RCC_ClockConfig
 .text.HAL_RCC_GetSysClockFreq
                0x0000000008005c68      0x1c4 Drivers/STM32F7xx_HAL_Driver/Src/stm32f7xx_hal_rcc.o
                0x0000000008005c68                HAL_RCC_GetSysClockFreq
 .text.HAL_RCC_GetHCLKFreq
                0x0000000008005e2c       0x18 Drivers/STM32F7xx_HAL_Driver/Src/stm32f7xx_hal_rcc.o
                0x0000000008005e2c                HAL_RCC_GetHCLKFreq
 .text.HAL_RCC_GetPCLK1Freq
                0x0000000008005e44       0x28 Drivers/STM32F7xx_HAL_Driver/Src/stm32f7xx_hal_rcc.o
                0x0000000008005e44                HAL_RCC_GetPCLK1Freq
 .text.HAL_RCC_GetPCLK2Freq
                0x0000000008005e6c       0x28 Drivers/STM32F7xx_HAL_Driver/Src/stm32f7xx_hal_rcc.o
                0x0000000008005e6c                HAL_RCC_GetPCLK2Freq
 .text.HAL_RCC_GetClockConfig
                0x0000000008005e94       0x64 Drivers/STM32F7xx_HAL_Driver/Src/stm32f7xx_hal_rcc.o
                0x0000000008005e94                HAL_RCC_GetClockConfig
 .text.HAL_RCCEx_PeriphCLKConfig
                0x0000000008005ef8      0x850 Drivers/STM32F7xx_HAL_Driver/Src/stm32f7xx_hal_rcc_ex.o
                0x0000000008005ef8                HAL_RCCEx_PeriphCLKConfig
 .text.HAL_TIM_Base_Init
                0x0000000008006748       0xae Drivers/STM32F7xx_HAL_Driver/Src/stm32f7xx_hal_tim.o
                0x0000000008006748                HAL_TIM_Base_Init
 .text.HAL_TIM_Base_MspInit
                0x00000000080067f6       0x14 Drivers/STM32F7xx_HAL_Driver/Src/stm32f7xx_hal_tim.o
                0x00000000080067f6                HAL_TIM_Base_MspInit
 *fill*         0x000000000800680a        0x2 
 .text.HAL_TIM_Base_Start_IT
                0x000000000800680c       0xf0 Drivers/STM32F7xx_HAL_Driver/Src/stm32f7xx_hal_tim.o
                0x000000000800680c                HAL_TIM_Base_Start_IT
 .text.HAL_TIM_IRQHandler
                0x00000000080068fc      0x23e Drivers/STM32F7xx_HAL_Driver/Src/stm32f7xx_hal_tim.o
                0x00000000080068fc                HAL_TIM_IRQHandler
 .text.HAL_TIM_OC_DelayElapsedCallback
                0x0000000008006b3a       0x14 Drivers/STM32F7xx_HAL_Driver/Src/stm32f7xx_hal_tim.o
                0x0000000008006b3a                HAL_TIM_OC_DelayElapsedCallback
 .text.HAL_TIM_IC_CaptureCallback
                0x0000000008006b4e       0x14 Drivers/STM32F7xx_HAL_Driver/Src/stm32f7xx_hal_tim.o
                0x0000000008006b4e                HAL_TIM_IC_CaptureCallback
 .text.HAL_TIM_PWM_PulseFinishedCallback
                0x0000000008006b62       0x14 Drivers/STM32F7xx_HAL_Driver/Src/stm32f7xx_hal_tim.o
                0x0000000008006b62                HAL_TIM_PWM_PulseFinishedCallback
 .text.HAL_TIM_TriggerCallback
                0x0000000008006b76       0x14 Drivers/STM32F7xx_HAL_Driver/Src/stm32f7xx_hal_tim.o
                0x0000000008006b76                HAL_TIM_TriggerCallback
 *fill*         0x0000000008006b8a        0x2 
 .text.TIM_Base_SetConfig
                0x0000000008006b8c      0x140 Drivers/STM32F7xx_HAL_Driver/Src/stm32f7xx_hal_tim.o
                0x0000000008006b8c                TIM_Base_SetConfig
 .text.HAL_TIMEx_CommutCallback
                0x0000000008006ccc       0x14 Drivers/STM32F7xx_HAL_Driver/Src/stm32f7xx_hal_tim_ex.o
                0x0000000008006ccc                HAL_TIMEx_CommutCallback
 .text.HAL_TIMEx_BreakCallback
                0x0000000008006ce0       0x14 Drivers/STM32F7xx_HAL_Driver/Src/stm32f7xx_hal_tim_ex.o
                0x0000000008006ce0                HAL_TIMEx_BreakCallback
 .text.HAL_TIMEx_Break2Callback
                0x0000000008006cf4       0x14 Drivers/STM32F7xx_HAL_Driver/Src/stm32f7xx_hal_tim_ex.o
                0x0000000008006cf4                HAL_TIMEx_Break2Callback
 .text.HAL_UART_Init
                0x0000000008006d08       0x9c Drivers/STM32F7xx_HAL_Driver/Src/stm32f7xx_hal_uart.o
                0x0000000008006d08                HAL_UART_Init
 .text.UART_SetConfig
                0x0000000008006da4      0x4c4 Drivers/STM32F7xx_HAL_Driver/Src/stm32f7xx_hal_uart.o
                0x0000000008006da4                UART_SetConfig
 .text.UART_AdvFeatureConfig
                0x0000000008007268      0x144 Drivers/STM32F7xx_HAL_Driver/Src/stm32f7xx_hal_uart.o
                0x0000000008007268                UART_AdvFeatureConfig
 .text.UART_CheckIdleState
                0x00000000080073ac       0x92 Drivers/STM32F7xx_HAL_Driver/Src/stm32f7xx_hal_uart.o
                0x00000000080073ac                UART_CheckIdleState
 .text.UART_WaitOnFlagUntilTimeout
                0x000000000800743e       0xf8 Drivers/STM32F7xx_HAL_Driver/Src/stm32f7xx_hal_uart.o
                0x000000000800743e                UART_WaitOnFlagUntilTimeout
 .text.SVC_Setup
                0x0000000008007536        0xe Middlewares/Third_Party/FreeRTOS/Source/CMSIS_RTOS_V2/cmsis_os2.o
 .text.osKernelInitialize
                0x0000000008007544       0x68 Middlewares/Third_Party/FreeRTOS/Source/CMSIS_RTOS_V2/cmsis_os2.o
                0x0000000008007544                osKernelInitialize
 .text.osKernelStart
                0x00000000080075ac       0x6c Middlewares/Third_Party/FreeRTOS/Source/CMSIS_RTOS_V2/cmsis_os2.o
                0x00000000080075ac                osKernelStart
 .text.osThreadNew