stl_uninitialized.h:305:5:_ForwardIterator std::__uninitialized_move_if_noexcept_a(_InputIterator, _InputIterator, _ForwardIterator, _Allocator&) [with _InputIterator = CANFrameId*; _ForwardIterator = CANFrameId*; _Allocator = std::allocator<CANFrameId>]	20	static
CANController.cpp:15:1:CANController::CANController(CANHandle&)	0	static
CANController.cpp:21:6:void CANController::publish(CANFrame)	48	static
CANController.cpp:44:6:void CANController::receive()	120	static
CANController.cpp:93:6:void CANController::send(CANFrame)	48	static
CANController.cpp:155:6:void CANController::start()	8	static
CANController.cpp:162:6:void CANController::activateInterrupt()	16	static
CANController.cpp:170:6:void CANController::deactivateInterrupt()	16	static
vector.tcc:394:7:) [with _Args = {const CANFrameId&}; _Tp = CANFrameId; _Alloc = std::allocator<CANFrameId>]	32	static
vector.tcc:394:7:) [with _Args = {ICANSubscriber*}; _Tp = ICANSubscriber*; _Alloc = std::allocator<ICANSubscriber*>]	32	static
CANController.cpp:36:6:void CANController::addSubscriber(ICANSubscriber&, CANFrameId)	16	static
