ICANSubscriber.hpp:15:7:constexpr ICANSubscriber::ICANSubscriber()	16	static
ICANSubscriber.hpp:18:10:ICANSubscriber::~ICANSubscriber()	16	static
ICANSubscriber.hpp:18:10:virtual ICANSubscriber::~ICANSubscriber()	16	static
Inverter.hpp:27:2:Inverter::Inverter(CANController&, CANFrameId)	24	static
Inverter.hpp:33:10:Inverter::~Inverter()	16	static
Inverter.hpp:33:10:virtual Inverter::~Inverter()	16	static
Inverter.hpp:51:2:InverterLeft::InverterLeft(CANController&)	48	static
Inverter.hpp:55:7:virtual void InverterLeft::update(CANFrame)	16	static
Inverter.hpp:65:2:InverterRight::InverterRight(CANController&)	48	static
Inverter.hpp:69:7:virtual void InverterRight::update(CANFrame)	16	static
mymain.cpp:29:6:void cppmain()	184	static
mymain.cpp:111:6:void CAN1_irq_receive()	8	static
Inverter.hpp:62:7:InverterRight::~InverterRight()	16	static
Inverter.hpp:62:7:virtual InverterRight::~InverterRight()	16	static
Inverter.hpp:48:7:InverterLeft::~InverterLeft()	16	static
Inverter.hpp:48:7:virtual InverterLeft::~InverterLeft()	16	static
CANController.hpp:17:7:CANController::~CANController()	16	static
mymain.cpp:116:1:void __static_initialization_and_destruction_0(int, int)	16	static
stl_vector.h:433:7:std::vector<_Tp, _Alloc>::~vector() [with _Tp = ICANSubscriber*; _Alloc = std::allocator<ICANSubscriber*>]	24	static
stl_vector.h:433:7:std::vector<_Tp, _Alloc>::~vector() [with _Tp = CANFrameId; _Alloc = std::allocator<CANFrameId>]	24	static
stl_vector.h:81:14:std::_Vector_base<ICANSubscriber*, std::allocator<ICANSubscriber*> >::_Vector_impl::~_Vector_impl()	16	static
stl_vector.h:161:7:std::_Vector_base<_Tp, _Alloc>::~_Vector_base() [with _Tp = ICANSubscriber*; _Alloc = std::allocator<ICANSubscriber*>]	16	static
stl_vector.h:115:7:std::_Vector_base<_Tp, _Alloc>::_Tp_alloc_type& std::_Vector_base<_Tp, _Alloc>::_M_get_Tp_allocator() [with _Tp = ICANSubscriber*; _Alloc = std::allocator<ICANSubscriber*>]	16	static
stl_construct.h:203:5:void std::_Destroy(_ForwardIterator, _ForwardIterator, std::allocator<_T2>&) [with _ForwardIterator = ICANSubscriber**; _Tp = ICANSubscriber*]	24	static
stl_vector.h:81:14:std::_Vector_base<CANFrameId, std::allocator<CANFrameId> >::_Vector_impl::~_Vector_impl()	16	static
stl_vector.h:161:7:std::_Vector_base<_Tp, _Alloc>::~_Vector_base() [with _Tp = CANFrameId; _Alloc = std::allocator<CANFrameId>]	16	static
stl_vector.h:115:7:std::_Vector_base<_Tp, _Alloc>::_Tp_alloc_type& std::_Vector_base<_Tp, _Alloc>::_M_get_Tp_allocator() [with _Tp = CANFrameId; _Alloc = std::allocator<CANFrameId>]	16	static
stl_construct.h:203:5:void std::_Destroy(_ForwardIterator, _ForwardIterator, std::allocator<_T2>&) [with _ForwardIterator = CANFrameId*; _Tp = CANFrameId]	24	static
allocator.h:139:7:std::allocator< <template-parameter-1-1> >::~allocator() [with _Tp = ICANSubscriber*]	16	static
stl_vector.h:176:7:void std::_Vector_base<_Tp, _Alloc>::_M_deallocate(std::_Vector_base<_Tp, _Alloc>::pointer, std::size_t) [with _Tp = ICANSubscriber*; _Alloc = std::allocator<ICANSubscriber*>]	24	static
stl_construct.h:127:5:void std::_Destroy(_ForwardIterator, _ForwardIterator) [with _ForwardIterator = ICANSubscriber**]	16	static
allocator.h:139:7:std::allocator< <template-parameter-1-1> >::~allocator() [with _Tp = CANFrameId]	16	static
stl_vector.h:176:7:void std::_Vector_base<_Tp, _Alloc>::_M_deallocate(std::_Vector_base<_Tp, _Alloc>::pointer, std::size_t) [with _Tp = CANFrameId; _Alloc = std::allocator<CANFrameId>]	24	static
stl_construct.h:127:5:void std::_Destroy(_ForwardIterator, _ForwardIterator) [with _ForwardIterator = CANFrameId*]	16	static
new_allocator.h:86:7:__gnu_cxx::new_allocator<_Tp>::~new_allocator() [with _Tp = ICANSubscriber*]	16	static
alloc_traits.h:461:7:static void std::allocator_traits<std::allocator<_Tp1> >::deallocate(std::allocator_traits<std::allocator<_Tp1> >::allocator_type&, std::allocator_traits<std::allocator<_Tp1> >::pointer, std::allocator_traits<std::allocator<_Tp1> >::size_type) [with _Tp = ICANSubscriber*]	24	static
stl_construct.h:117:9:static void std::_Destroy_aux<true>::__destroy(_ForwardIterator, _ForwardIterator) [with _ForwardIterator = ICANSubscriber**]	16	static
new_allocator.h:86:7:__gnu_cxx::new_allocator<_Tp>::~new_allocator() [with _Tp = CANFrameId]	16	static
alloc_traits.h:461:7:static void std::allocator_traits<std::allocator<_Tp1> >::deallocate(std::allocator_traits<std::allocator<_Tp1> >::allocator_type&, std::allocator_traits<std::allocator<_Tp1> >::pointer, std::allocator_traits<std::allocator<_Tp1> >::size_type) [with _Tp = CANFrameId]	24	static
stl_construct.h:117:9:static void std::_Destroy_aux<true>::__destroy(_ForwardIterator, _ForwardIterator) [with _ForwardIterator = CANFrameId*]	16	static
new_allocator.h:116:7:void __gnu_cxx::new_allocator<_Tp>::deallocate(__gnu_cxx::new_allocator<_Tp>::pointer, __gnu_cxx::new_allocator<_Tp>::size_type) [with _Tp = ICANSubscriber*]	24	static
new_allocator.h:116:7:void __gnu_cxx::new_allocator<_Tp>::deallocate(__gnu_cxx::new_allocator<_Tp>::pointer, __gnu_cxx::new_allocator<_Tp>::size_type) [with _Tp = CANFrameId]	24	static
mymain.cpp:116:1:cpp)	8	static
mymain.cpp:116:1:cpp)	8	static
