stm32f7xx_it.c:33:6:halt	8	static
stm32f7xx_it.c:79:6:NMI_Handler	4	static
stm32f7xx_it.c:92:6:HardFault_Handler	4	static
stm32f7xx_it.c:107:6:MemManage_Handler	4	static
stm32f7xx_it.c:122:6:BusFault_Handler	4	static
stm32f7xx_it.c:137:6:UsageFault_Handler	4	static
stm32f7xx_it.c:152:6:DebugMon_Handler	4	static
stm32f7xx_it.c:172:6:CAN1_TX_IRQHandler	8	static
stm32f7xx_it.c:186:6:CAN1_RX0_IRQHandler	48	static
stm32f7xx_it.c:206:6:CAN1_RX1_IRQHandler	8	static
stm32f7xx_it.c:220:6:CAN1_SCE_IRQHandler	8	static
stm32f7xx_it.c:234:6:TIM1_UP_TIM10_IRQHandler	8	static
